>> isready
<< readyok
>> ucinewgame
<< info string Found 0 tablebases
>> isready
<< readyok
>> ucinewgame
<< info string Found 0 tablebases
>> isready
<< readyok
>> ucinewgame
<< info string Found 0 tablebases
>> isready
<< readyok
>> ucinewgame
<< info string Found 0 tablebases
>> setoption name Ponder value true
>> position startpos moves d2d4
>> go wtime 182000 btime 180000 winc 2000 binc 2000
<< info string NNUE evaluation using nn-5af11540bbfe.nnue enabled
<< info depth 1 seldepth 1 multipv 1 score cp -44 nodes 20 nps 6666 hashfull 0 tbhits 0 time 3 pv d7d5
<< info depth 2 seldepth 2 multipv 1 score cp -44 nodes 40 nps 13333 hashfull 0 tbhits 0 time 3 pv d7d5
<< info depth 3 seldepth 2 multipv 1 score cp -8 nodes 102 nps 34000 hashfull 0 tbhits 0 time 3 pv g8f6
<< info depth 4 seldepth 2 multipv 1 score cp -8 nodes 126 nps 42000 hashfull 0 tbhits 0 time 3 pv g8f6
<< info depth 5 seldepth 4 multipv 1 score cp -19 nodes 309 nps 77250 hashfull 0 tbhits 0 time 4 pv d7d5 e2e3 c7c6
<< info depth 6 seldepth 4 multipv 1 score cp -19 nodes 469 nps 117250 hashfull 0 tbhits 0 time 4 pv d7d5 e2e3 c7c6
<< info depth 7 seldepth 6 multipv 1 score cp -21 nodes 1228 nps 175428 hashfull 0 tbhits 0 time 7 pv d7d5 b1c3 e7e6 e2e4 d5e4 c3e4
<< info depth 8 seldepth 7 multipv 1 score cp -12 nodes 2207 nps 220700 hashfull 0 tbhits 0 time 10 pv d7d5 h2h3 c7c6 g1f3
<< info depth 9 seldepth 10 multipv 1 score cp -20 nodes 7309 nps 332227 hashfull 0 tbhits 0 time 22 pv d7d5 c2c4 c7c6 g1f3 e7e6 e2e3 g8f6 b1c3 f8e7
<< info depth 10 seldepth 12 multipv 1 score cp -20 nodes 10855 nps 374310 hashfull 0 tbhits 0 time 29 pv d7d5 c2c4 e7e6 g1f3 g8f6 c1g5
<< info depth 11 seldepth 13 multipv 1 score cp -19 nodes 17954 nps 390304 hashfull 1 tbhits 0 time 46 pv d7d5 c2c4 e7e6 g1f3 g8f6 e2e3 f8e7 b1c3 e8g8 c4d5 e6d5 f1d3
<< info depth 12 seldepth 15 multipv 1 score cp -32 nodes 30201 nps 457590 hashfull 1 tbhits 0 time 66 pv d7d5 c2c4 e7e6 b1c3 g8f6 g1f3 f8e7 c1f4 f6e4
<< info depth 13 seldepth 16 multipv 1 score cp -26 nodes 43123 nps 507329 hashfull 3 tbhits 0 time 85 pv g8f6 c2c4 e7e6 g1f3 d7d5 b1c3 c7c5 c4d5 f6d5 d4c5
<< info depth 14 seldepth 16 multipv 1 score cp -27 nodes 64784 nps 544403 hashfull 5 tbhits 0 time 119 pv g8f6 c2c4 e7e6 g1f3 d7d5 b1c3 d5c4 e2e3 f8e7 f1c4 e8g8 e1g1 c7c5 d4c5 e7c5
<< info depth 15 seldepth 18 multipv 1 score cp -28 nodes 105896 nps 575521 hashfull 8 tbhits 0 time 184 pv g8f6 c2c4 e7e6 g1f3 d7d5 b1c3 f8b4 e2e3 c7c5 f1e2 c5d4 e3d4 d5c4 e2c4
<< info depth 16 seldepth 21 multipv 1 score cp -24 nodes 186323 nps 612904 hashfull 13 tbhits 0 time 304 pv g8f6 c2c4 e7e6 b1c3 f8b4 e2e3 c7c5 f1d3 e8g8 g1f3 d7d5 e1g1 d5c4 d3c4
<< info depth 17 seldepth 24 multipv 1 score cp -34 nodes 261630 nps 618510 hashfull 20 tbhits 0 time 423 pv g8f6 c2c4 e7e6 g1f3 d7d5 c1g5 f8e7 e2e3 d5c4 f1c4 h7h6 g5f6 e7f6
<< info depth 18 seldepth 19 multipv 1 score cp -24 nodes 332235 nps 631625 hashfull 28 tbhits 0 time 526 pv g8f6 c2c4 e7e6 g1f3 d7d5 b1c3 c7c5 e2e3 f8e7 c4d5 f6d5 c3d5 d8d5
<< info depth 19 seldepth 28 multipv 1 score cp -25 nodes 483614 nps 639701 hashfull 43 tbhits 0 time 756 pv g8f6 c2c4 e7e6 b1c3 f8b4 e2e3 c7c5 f1d3 e8g8 a2a3 b4c3 b2c3 b8c6 g1f3 d7d5 c4d5 f6d5
<< info depth 20 seldepth 23 multipv 1 score cp -25 nodes 584120 nps 644013 hashfull 54 tbhits 0 time 907 pv g8f6 c2c4 e7e6 g1f3 d7d5 c4d5 e6d5 b1c3 c7c6 c1f4 f8d6 f4d6 d8d6 d1b3 g7g6
<< info depth 21 seldepth 33 multipv 1 score cp -30 nodes 918463 nps 630812 hashfull 89 tbhits 0 time 1456 pv g8f6 c2c4 e7e6 g1f3 d7d5 g2g3 c7c5 c4d5 c5d4 d5e6 c8e6 d1d4 b8c6 d4d8 a8d8 f1g2 c6b4 b1a3 b4a2
<< info depth 22 seldepth 29 multipv 1 score cp -38 nodes 1464731 nps 634632 hashfull 145 tbhits 0 time 2308 pv g8f6 c2c4 e7e6 g1f3 d7d5 g2g3 c7c5 c4d5 c5d4 d5e6 c8e6 d1d4 b8c6 d4d8 a8d8 f1g2 c6b4 b1a3 f8c5 e1g1 e6a2 c1d2 a2d5 d2b4 c5b4 a3b5 e8g8 a1a7
<< info depth 23 seldepth 32 multipv 1 score cp -35 nodes 1855826 nps 626968 hashfull 188 tbhits 0 time 2960 pv g8f6 c2c4 c7c6 b1c3 d7d5 e2e3 b8d7 g1f3 e7e6 f1d3 d5c4 d3c4 b7b5 c4d3 b5b4 c3e4 f6e4 d3e4 c8b7 a2a3 b4a3 e1g1 f8e7 d1c2 a8c8
<< info depth 24 currmove d7d5 currmovenumber 2
<< info depth 24 seldepth 33 multipv 1 score cp -32 lowerbound nodes 2267798 nps 623192 hashfull 230 tbhits 0 time 3639 pv d7d5
<< info depth 23 currmove d7d5 currmovenumber 1
<< info depth 23 currmove g8f6 currmovenumber 2
<< info depth 23 currmove e7e5 currmovenumber 3
<< info depth 23 currmove e7e6 currmovenumber 4
<< info depth 23 currmove c7c5 currmovenumber 5
<< info depth 23 currmove g7g6 currmovenumber 6
<< info depth 23 currmove b8c6 currmovenumber 7
<< info depth 23 currmove b7b5 currmovenumber 8
<< info depth 23 currmove c7c6 currmovenumber 9
<< info depth 23 currmove a7a5 currmovenumber 10
<< info depth 23 currmove h7h6 currmovenumber 11
<< info depth 23 currmove a7a6 currmovenumber 12
<< info depth 23 currmove b7b6 currmovenumber 13
<< info depth 23 currmove d7d6 currmovenumber 14
<< info depth 23 currmove f7f6 currmovenumber 15
<< info depth 23 currmove f7f5 currmovenumber 16
<< info depth 23 currmove g7g5 currmovenumber 17
<< info depth 23 currmove h7h5 currmovenumber 18
<< info depth 23 currmove b8a6 currmovenumber 19
<< info depth 23 currmove g8h6 currmovenumber 20
<< info depth 24 seldepth 33 multipv 1 score cp -38 upperbound nodes 2561981 nps 624873 hashfull 260 tbhits 0 time 4100 pv d7d5 c2c4
<< info depth 24 currmove d7d5 currmovenumber 1
<< info depth 24 seldepth 33 multipv 1 score cp -34 lowerbound nodes 2686817 nps 623970 hashfull 280 tbhits 0 time 4306 pv d7d5
<< info depth 23 currmove d7d5 currmovenumber 1
<< info depth 22 currmove g8f6 currmovenumber 2
<< info depth 22 currmove e7e5 currmovenumber 3
<< info depth 22 currmove e7e6 currmovenumber 4
<< info depth 22 currmove d7d6 currmovenumber 5
<< info depth 22 currmove g8h6 currmovenumber 6
<< info depth 22 currmove b8c6 currmovenumber 7
<< info depth 22 currmove f7f6 currmovenumber 8
<< info depth 22 currmove c7c5 currmovenumber 9
<< info depth 22 currmove b8a6 currmovenumber 10
<< info depth 22 currmove g7g6 currmovenumber 11
<< info depth 22 currmove a7a6 currmovenumber 12
<< info depth 22 currmove b7b6 currmovenumber 13
<< info depth 22 currmove c7c6 currmovenumber 14
<< info depth 22 currmove h7h6 currmovenumber 15
<< info depth 22 currmove a7a5 currmovenumber 16
<< info depth 22 currmove b7b5 currmovenumber 17
<< info depth 22 currmove f7f5 currmovenumber 18
<< info depth 22 currmove g7g5 currmovenumber 19
<< info depth 22 currmove h7h5 currmovenumber 20
<< info depth 24 seldepth 33 multipv 1 score cp -39 nodes 2900686 nps 624071 hashfull 299 tbhits 0 time 4648 pv d7d5 c2c4 e7e6 g1f3 g8f6 g2g3 d5c4 d1a4 c8d7 a4c4 d7c6 f1g2 c6d5 c4b5 d5c6 b5d3 c6e4 d3d1 b8c6 e1g1 f8d6 b1c3
<< info depth 25 currmove d7d5 currmovenumber 1
<< info depth 25 currmove g8f6 currmovenumber 2
<< info depth 25 currmove e7e6 currmovenumber 3
<< info depth 25 currmove e7e5 currmovenumber 4
<< info depth 25 currmove c7c5 currmovenumber 5
<< info depth 25 currmove b8c6 currmovenumber 6
<< info depth 25 currmove d7d6 currmovenumber 7
<< info depth 25 currmove b8a6 currmovenumber 8
<< info depth 25 currmove a7a6 currmovenumber 9
<< info depth 25 currmove g8h6 currmovenumber 10
<< info depth 25 currmove h7h6 currmovenumber 11
<< info depth 25 currmove b7b6 currmovenumber 12
<< info depth 25 currmove c7c6 currmovenumber 13
<< info depth 25 currmove f7f6 currmovenumber 14
<< info depth 25 currmove g7g6 currmovenumber 15
<< info depth 25 currmove a7a5 currmovenumber 16
<< info depth 25 currmove b7b5 currmovenumber 17
<< info depth 25 currmove f7f5 currmovenumber 18
<< info depth 25 currmove g7g5 currmovenumber 19
<< info depth 25 currmove h7h5 currmovenumber 20
<< info depth 25 seldepth 34 multipv 1 score cp -40 upperbound nodes 3635205 nps 619602 hashfull 374 tbhits 0 time 5867 pv d7d5 c2c4
<< info depth 25 currmove d7d5 currmovenumber 1
<< info depth 25 seldepth 34 multipv 1 score cp -37 lowerbound nodes 3939276 nps 618313 hashfull 402 tbhits 0 time 6371 pv d7d5
<< info depth 24 currmove d7d5 currmovenumber 1
<< info depth 25 seldepth 34 multipv 1 score cp -33 lowerbound nodes 4073960 nps 619425 hashfull 409 tbhits 0 time 6577 pv d7d5
<< info depth 23 currmove d7d5 currmovenumber 1
<< info depth 22 currmove g8f6 currmovenumber 2
<< info depth 22 currmove e7e6 currmovenumber 3
<< info depth 22 currmove e7e5 currmovenumber 4
<< info depth 22 currmove c7c6 currmovenumber 5
<< info depth 22 currmove b7b5 currmovenumber 6
<< info depth 22 currmove a7a5 currmovenumber 7
<< info depth 22 currmove b8c6 currmovenumber 8
<< info depth 22 currmove a7a6 currmovenumber 9
<< info depth 22 currmove c7c5 currmovenumber 10
<< info depth 22 currmove f7f6 currmovenumber 11
<< info depth 22 currmove b7b6 currmovenumber 12
<< info depth 22 currmove d7d6 currmovenumber 13
<< info depth 22 currmove g7g6 currmovenumber 14
<< info depth 22 currmove h7h6 currmovenumber 15
<< info depth 22 currmove f7f5 currmovenumber 16
<< info depth 22 currmove g7g5 currmovenumber 17
<< info depth 22 currmove h7h5 currmovenumber 18
<< info depth 22 currmove b8a6 currmovenumber 19
<< info depth 22 currmove g8h6 currmovenumber 20
<< info depth 25 seldepth 34 multipv 1 score cp -36 nodes 4091106 nps 619676 hashfull 411 tbhits 0 time 6602 pv d7d5 c2c4 e7e6 g1f3 d5c4 e2e3 g8f6 f1c4 a7a6 e1g1 b7b5 c4d3 c8b7 d1e2 c7c5 d4c5 b8c6 a2a3 f8c5 b2b4 c5b6 c1b2
<< info depth 26 currmove d7d5 currmovenumber 1
<< info depth 26 currmove g8f6 currmovenumber 2
<< info depth 26 currmove c7c5 currmovenumber 3
<< info depth 26 currmove e7e6 currmovenumber 4
<< info depth 26 currmove e7e5 currmovenumber 5
<< info depth 26 currmove g7g6 currmovenumber 6
<< info depth 26 currmove a7a6 currmovenumber 7
<< info depth 26 currmove b7b5 currmovenumber 8
<< info depth 26 currmove c7c6 currmovenumber 9
<< info depth 26 currmove a7a5 currmovenumber 10
<< info depth 26 currmove d7d6 currmovenumber 11
<< info depth 26 currmove b8c6 currmovenumber 12
<< info depth 26 currmove b7b6 currmovenumber 13
<< info depth 26 currmove f7f6 currmovenumber 14
<< info depth 26 currmove h7h6 currmovenumber 15
<< info depth 26 currmove f7f5 currmovenumber 16
<< info depth 26 currmove g7g5 currmovenumber 17
<< info depth 26 currmove h7h5 currmovenumber 18
<< info depth 26 currmove b8a6 currmovenumber 19
<< info depth 26 currmove g8h6 currmovenumber 20
<< info depth 26 seldepth 32 multipv 1 score cp -39 upperbound nodes 4231297 nps 619607 hashfull 422 tbhits 0 time 6829 pv d7d5 c2c4
<< info depth 26 currmove d7d5 currmovenumber 1
<< info depth 26 seldepth 37 multipv 1 score cp -35 lowerbound nodes 4912187 nps 616102 hashfull 477 tbhits 0 time 7973 pv d7d5
<< info depth 25 currmove d7d5 currmovenumber 1
<< info depth 26 seldepth 37 multipv 1 score cp -32 lowerbound nodes 5019501 nps 617632 hashfull 485 tbhits 0 time 8127 pv d7d5
<< info depth 24 currmove d7d5 currmovenumber 1
<< info depth 23 currmove g8f6 currmovenumber 2
<< info depth 23 currmove e7e6 currmovenumber 3
<< info depth 23 currmove c7c6 currmovenumber 4
<< info depth 23 currmove b8c6 currmovenumber 5
<< info depth 23 currmove c7c5 currmovenumber 6
<< info depth 23 currmove a7a5 currmovenumber 7
<< info depth 23 currmove e7e5 currmovenumber 8
<< info depth 23 currmove h7h6 currmovenumber 9
<< info depth 23 currmove g7g6 currmovenumber 10
<< info depth 23 currmove a7a6 currmovenumber 11
<< info depth 23 currmove b7b5 currmovenumber 12
<< info depth 23 currmove b8a6 currmovenumber 13
<< info depth 23 currmove b7b6 currmovenumber 14
<< info depth 23 currmove d7d6 currmovenumber 15
<< info depth 23 currmove f7f6 currmovenumber 16
<< info depth 23 currmove f7f5 currmovenumber 17
<< info depth 23 currmove g7g5 currmovenumber 18
<< info depth 23 currmove h7h5 currmovenumber 19
<< info depth 23 currmove g8h6 currmovenumber 20
<< info depth 26 seldepth 37 multipv 1 score cp -30 nodes 5189116 nps 619595 hashfull 496 tbhits 0 time 8375 pv d7d5 c2c4 e7e6 b1c3 g8f6 c1g5 f8e7 e2e3 e8g8 g1f3 c7c5 d4c5 d5c4 f1c4 d8d1 a1d1 e7c5 h2h4 c5e7 e1g1 b8c6 g5f4
<< info depth 27 currmove d7d5 currmovenumber 1
<< info depth 27 seldepth 30 multipv 1 score cp -28 lowerbound nodes 5481779 nps 620040 hashfull 520 tbhits 0 time 8841 pv d7d5
<< info depth 26 currmove d7d5 currmovenumber 1
<< info depth 27 seldepth 36 multipv 1 score cp -25 lowerbound nodes 6033961 nps 619566 hashfull 558 tbhits 0 time 9739 pv d7d5
<< info depth 25 currmove d7d5 currmovenumber 1
<< info depth 24 currmove g8f6 currmovenumber 2
<< info depth 24 currmove c7c6 currmovenumber 3
<< info depth 24 currmove e7e6 currmovenumber 4
<< info depth 24 currmove c7c5 currmovenumber 5
<< info depth 24 currmove b8c6 currmovenumber 6
<< info depth 24 currmove e7e5 currmovenumber 7
<< info depth 24 currmove a7a5 currmovenumber 8
<< info depth 24 currmove g7g6 currmovenumber 9
<< info depth 24 currmove g7g5 currmovenumber 10
<< info depth 24 currmove b7b6 currmovenumber 11
<< info depth 24 currmove b7b5 currmovenumber 12
<< info depth 24 currmove f7f6 currmovenumber 13
<< info depth 24 currmove b8a6 currmovenumber 14
<< info depth 24 currmove f7f5 currmovenumber 15
<< info depth 24 currmove a7a6 currmovenumber 16
<< info depth 24 currmove d7d6 currmovenumber 17
<< info depth 24 currmove h7h6 currmovenumber 18
<< info depth 24 currmove h7h5 currmovenumber 19
<< info depth 24 currmove g8h6 currmovenumber 20
<< info depth 27 seldepth 36 multipv 1 score cp -24 nodes 6423528 nps 620450 hashfull 582 tbhits 0 time 10353 pv d7d5 c2c4 e7e6 b1c3 g8f6 c1g5 f8e7 g1f3 h7h6 g5h4 d5c4 e2e3 c7c5 d4c5 d8d1 a1d1 b8d7 f1c4 e7c5 e1g1 a7a6 c4e2
<< info depth 28 currmove d7d5 currmovenumber 1
<< info depth 28 currmove g8f6 currmovenumber 2
<< info depth 28 currmove e7e6 currmovenumber 3
<< info depth 28 currmove c7c6 currmovenumber 4
<< info depth 28 currmove e7e5 currmovenumber 5
<< info depth 28 currmove c7c5 currmovenumber 6
<< info depth 28 currmove b7b5 currmovenumber 7
<< info depth 28 currmove d7d6 currmovenumber 8
<< info depth 28 currmove b8c6 currmovenumber 9
<< info depth 28 currmove g7g6 currmovenumber 10
<< info depth 28 currmove a7a5 currmovenumber 11
<< info depth 28 currmove a7a6 currmovenumber 12
<< info depth 28 currmove b7b6 currmovenumber 13
<< info depth 28 currmove f7f6 currmovenumber 14
<< info depth 28 currmove h7h6 currmovenumber 15
<< info depth 28 currmove f7f5 currmovenumber 16
<< info depth 28 currmove g7g5 currmovenumber 17
<< info depth 28 currmove h7h5 currmovenumber 18
<< info depth 28 currmove b8a6 currmovenumber 19
<< info depth 28 currmove g8h6 currmovenumber 20
<< info depth 28 seldepth 36 multipv 1 score cp -28 upperbound nodes 7428131 nps 618495 hashfull 645 tbhits 0 time 12010 pv d7d5 c2c4
<< info depth 28 currmove d7d5 currmovenumber 1
<< info depth 28 currmove g8f6 currmovenumber 2
<< info depth 28 currmove e7e6 currmovenumber 3
<< info depth 28 currmove e7e5 currmovenumber 4
<< info depth 28 currmove c7c5 currmovenumber 5
<< info depth 28 currmove b7b5 currmovenumber 6
<< info depth 28 currmove h7h6 currmovenumber 7
<< info depth 28 currmove d7d6 currmovenumber 8
<< info depth 28 currmove c7c6 currmovenumber 9
<< info depth 28 currmove g7g6 currmovenumber 10
<< info depth 28 currmove a7a5 currmovenumber 11
<< info depth 28 currmove h7h5 currmovenumber 12
<< info depth 28 currmove a7a6 currmovenumber 13
<< info depth 28 currmove g8h6 currmovenumber 14
<< info depth 28 currmove b8c6 currmovenumber 15
<< info depth 28 currmove b8a6 currmovenumber 16
<< info depth 28 currmove b7b6 currmovenumber 17
<< info depth 28 currmove f7f6 currmovenumber 18
<< info depth 28 currmove f7f5 currmovenumber 19
<< info depth 28 currmove g7g5 currmovenumber 20
<< info depth 28 seldepth 38 multipv 1 score cp -31 upperbound nodes 7924825 nps 618305 hashfull 675 tbhits 0 time 12817 pv d7d5 c2c4
<< info depth 28 currmove d7d5 currmovenumber 1
<< info depth 28 seldepth 38 multipv 1 score cp -28 lowerbound nodes 8168294 nps 619044 hashfull 687 tbhits 0 time 13195 pv d7d5
<< info depth 27 currmove d7d5 currmovenumber 1
<< info depth 28 seldepth 43 multipv 1 score cp -23 lowerbound nodes 8333879 nps 620357 hashfull 692 tbhits 0 time 13434 pv d7d5
<< info depth 26 currmove d7d5 currmovenumber 1
<< info depth 25 currmove g8f6 currmovenumber 2
<< info depth 25 currmove e7e6 currmovenumber 3
<< info depth 25 currmove c7c6 currmovenumber 4
<< info depth 25 currmove e7e5 currmovenumber 5
<< info depth 25 currmove b7b5 currmovenumber 6
<< info depth 25 currmove c7c5 currmovenumber 7
<< info depth 25 currmove d7d6 currmovenumber 8
<< info depth 25 currmove b8c6 currmovenumber 9
<< info depth 25 currmove a7a5 currmovenumber 10
<< info depth 25 currmove a7a6 currmovenumber 11
<< info depth 25 currmove b7b6 currmovenumber 12
<< info depth 25 currmove f7f6 currmovenumber 13
<< info depth 25 currmove g7g6 currmovenumber 14
<< info depth 25 currmove h7h6 currmovenumber 15
<< info depth 25 currmove f7f5 currmovenumber 16
<< info depth 25 currmove g7g5 currmovenumber 17
<< info depth 25 currmove h7h5 currmovenumber 18
<< info depth 25 currmove b8a6 currmovenumber 19
<< info depth 25 currmove g8h6 currmovenumber 20
<< info depth 28 seldepth 43 multipv 1 score cp -29 nodes 8503568 nps 621015 hashfull 703 tbhits 0 time 13693 pv d7d5 c2c4 e7e6 g1f3 d5c4 e2e3 g8f6 f1c4 a7a6 e1g1 c7c5 d4c5 f8c5 d1d8 e8d8 c1d2 d8e7 f1c1 b7b6 c4e2 h8d8 a2a3 c5d6 d2e1 c8b7 b1d2
<< info depth 28 currmove d7d5 currmovenumber 1
<< info depth 28 currmove g8f6 currmovenumber 2
<< info depth 28 currmove e7e6 currmovenumber 3
<< info depth 28 currmove c7c5 currmovenumber 4
<< info depth 28 currmove g7g6 currmovenumber 5
<< info depth 28 currmove c7c6 currmovenumber 6
<< info depth 28 currmove e7e5 currmovenumber 7
<< info depth 28 currmove d7d6 currmovenumber 8
<< info depth 28 currmove a7a5 currmovenumber 9
<< info depth 28 currmove g8h6 currmovenumber 10
<< info depth 28 currmove b8c6 currmovenumber 11
<< info depth 28 currmove b7b6 currmovenumber 12
<< info depth 28 currmove h7h6 currmovenumber 13
<< info depth 28 currmove a7a6 currmovenumber 14
<< info depth 28 currmove f7f6 currmovenumber 15
<< info depth 28 currmove b7b5 currmovenumber 16
<< info depth 28 currmove f7f5 currmovenumber 17
<< info depth 28 currmove g7g5 currmovenumber 18
<< info depth 28 currmove h7h5 currmovenumber 19
<< info depth 28 currmove b8a6 currmovenumber 20
<< info depth 29 seldepth 27 multipv 1 score cp -31 upperbound nodes 8684013 nps 621618 hashfull 710 tbhits 0 time 13970 pv d7d5 c2c4
<< info depth 28 currmove d7d5 currmovenumber 1
<< info depth 29 seldepth 30 multipv 1 score cp -28 lowerbound nodes 8831835 nps 622091 hashfull 717 tbhits 0 time 14197 pv d7d5
<< info depth 27 currmove d7d5 currmovenumber 1
<< info depth 29 seldepth 30 multipv 1 score cp -24 lowerbound nodes 8874487 nps 622902 hashfull 720 tbhits 0 time 14247 pv d7d5
<< info depth 26 currmove d7d5 currmovenumber 1
<< info depth 25 currmove g8f6 currmovenumber 2
<< info depth 25 currmove c7c6 currmovenumber 3
<< info depth 25 currmove e7e6 currmovenumber 4
<< info depth 25 currmove b8c6 currmovenumber 5
<< info depth 25 currmove c7c5 currmovenumber 6
<< info depth 25 currmove a7a5 currmovenumber 7
<< info depth 25 currmove e7e5 currmovenumber 8
<< info depth 25 currmove b7b5 currmovenumber 9
<< info depth 25 currmove a7a6 currmovenumber 10
<< info depth 25 currmove h7h6 currmovenumber 11
<< info depth 25 currmove b8a6 currmovenumber 12
<< info depth 25 currmove b7b6 currmovenumber 13
<< info depth 25 currmove g7g6 currmovenumber 14
<< info depth 25 currmove d7d6 currmovenumber 15
<< info depth 25 currmove g7g5 currmovenumber 16
<< info depth 25 currmove f7f6 currmovenumber 17
<< info depth 25 currmove f7f5 currmovenumber 18
<< info depth 25 currmove h7h5 currmovenumber 19
<< info depth 25 currmove g8h6 currmovenumber 20
<< info depth 29 seldepth 39 multipv 1 score cp -21 nodes 9135740 nps 623940 hashfull 730 tbhits 0 time 14642 pv d7d5 c2c4 e7e6 b1c3 g8f6 c4d5 f6d5 e2e4 d5c3 b2c3 c7c5 a1b1 f8e7 g1f3 b7b6 d1a4 c8d7 a4c2 c5d4 c3d4 b8c6
<< info depth 28 currmove d7d5 currmovenumber 1
<< info depth 28 currmove g8f6 currmovenumber 2
<< info depth 28 currmove c7c5 currmovenumber 3
<< info depth 28 currmove e7e6 currmovenumber 4
<< info depth 28 currmove c7c6 currmovenumber 5
<< info depth 28 currmove g7g6 currmovenumber 6
<< info depth 28 currmove a7a5 currmovenumber 7
<< info depth 28 currmove a7a6 currmovenumber 8
<< info depth 28 currmove e7e5 currmovenumber 9
<< info depth 28 currmove b7b5 currmovenumber 10
<< info depth 28 currmove h7h5 currmovenumber 11
<< info depth 28 currmove b7b6 currmovenumber 12
<< info depth 28 currmove g8h6 currmovenumber 13
<< info depth 28 currmove b8c6 currmovenumber 14
<< info depth 28 currmove h7h6 currmovenumber 15
<< info depth 28 currmove d7d6 currmovenumber 16
<< info depth 28 currmove b8a6 currmovenumber 17
<< info depth 28 currmove f7f6 currmovenumber 18
<< info depth 28 currmove f7f5 currmovenumber 19
<< info depth 28 currmove g7g5 currmovenumber 20
<< info depth 30 seldepth 37 multipv 1 score cp -26 upperbound nodes 9509964 nps 623358 hashfull 749 tbhits 0 time 15256 pv d7d5 c2c4
<< info depth 28 currmove d7d5 currmovenumber 1
<< info depth 28 currmove g8f6 currmovenumber 2
<< info depth 28 currmove e7e6 currmovenumber 3
<< info depth 28 currmove e7e5 currmovenumber 4
<< info depth 28 currmove c7c6 currmovenumber 5
<< info depth 28 currmove g7g6 currmovenumber 6
<< info depth 28 currmove c7c5 currmovenumber 7
<< info depth 28 currmove d7d6 currmovenumber 8
<< info depth 28 currmove b7b5 currmovenumber 9
<< info depth 28 currmove h7h6 currmovenumber 10
<< info depth 28 currmove b8c6 currmovenumber 11
<< info depth 28 currmove f7f6 currmovenumber 12
<< info depth 28 currmove a7a6 currmovenumber 13
<< info depth 28 currmove b7b6 currmovenumber 14
<< info depth 28 currmove a7a5 currmovenumber 15
<< info depth 28 currmove f7f5 currmovenumber 16
<< info depth 28 currmove g7g5 currmovenumber 17
<< info depth 28 currmove h7h5 currmovenumber 18
<< info depth 28 currmove b8a6 currmovenumber 19
<< info depth 28 currmove g8h6 currmovenumber 20
<< info depth 30 seldepth 38 multipv 1 score cp -29 upperbound nodes 9668764 nps 623630 hashfull 759 tbhits 0 time 15504 pv d7d5 c2c4
<< info depth 28 currmove d7d5 currmovenumber 1
<< info depth 27 currmove g8f6 currmovenumber 2
<< info depth 27 currmove c7c6 currmovenumber 3
<< info depth 27 currmove e7e6 currmovenumber 4
<< info depth 27 currmove e7e5 currmovenumber 5
<< info depth 27 currmove a7a5 currmovenumber 6
<< info depth 27 currmove c7c5 currmovenumber 7
<< info depth 27 currmove b8c6 currmovenumber 8
<< info depth 27 currmove f7f6 currmovenumber 9
<< info depth 27 currmove b7b6 currmovenumber 10
<< info depth 27 currmove b8a6 currmovenumber 11
<< info depth 27 currmove b7b5 currmovenumber 12
<< info depth 27 currmove a7a6 currmovenumber 13
<< info depth 27 currmove d7d6 currmovenumber 14
<< info depth 27 currmove h7h6 currmovenumber 15
<< info depth 27 currmove g8h6 currmovenumber 16
<< info depth 27 currmove g7g5 currmovenumber 17
<< info depth 27 currmove g7g6 currmovenumber 18
<< info depth 27 currmove f7f5 currmovenumber 19
<< info depth 27 currmove h7h5 currmovenumber 20
<< info depth 30 seldepth 38 multipv 1 score cp -27 nodes 10201186 nps 623811 hashfull 780 tbhits 0 time 16353 pv d7d5 c2c4 c7c6 b1c3 g8f6 e2e3 e7e6 g1f3 b8d7 f1d3 d5c4 d3c4 b7b5 c4d3 c8b7 e1g1 b5b4 c3e4 f6e4 d3e4 f8e7 d1c2 a7a5 b2b3 g7g6 a2a3 e8g8 a3b4 a5b4
<< info depth 28 currmove d7d5 currmovenumber 1
<< info depth 27 currmove g8f6 currmovenumber 2
<< info depth 27 currmove e7e6 currmovenumber 3
<< info depth 27 currmove c7c6 currmovenumber 4
<< info depth 27 currmove c7c5 currmovenumber 5
<< info depth 27 currmove g8h6 currmovenumber 6
<< info depth 27 currmove e7e5 currmovenumber 7
<< info depth 27 currmove d7d6 currmovenumber 8
<< info depth 27 currmove g7g5 currmovenumber 9
<< info depth 27 currmove b7b5 currmovenumber 10
<< info depth 27 currmove b8c6 currmovenumber 11
<< info depth 27 currmove a7a6 currmovenumber 12
<< info depth 27 currmove b7b6 currmovenumber 13
<< info depth 27 currmove f7f6 currmovenumber 14
<< info depth 27 currmove g7g6 currmovenumber 15
<< info depth 27 currmove h7h6 currmovenumber 16
<< info depth 27 currmove a7a5 currmovenumber 17
<< info depth 27 currmove f7f5 currmovenumber 18
<< info depth 27 currmove h7h5 currmovenumber 19
<< info depth 27 currmove b8a6 currmovenumber 20
<< info depth 31 seldepth 34 multipv 1 score cp -29 nodes 10466968 nps 623664 hashfull 790 tbhits 0 time 16783 pv d7d5 c2c4 c7c6 c4d5 c6d5 c1f4 g8f6 e2e3 e7e6 b1c3 f8d6 f4g3 b8c6 f1d3 e8g8 g1f3 d6g3 h2g3 h7h6 f3e5 c6e5 d4e5 f6d7 f2f4 d8b6
<< info depth 29 currmove d7d5 currmovenumber 1
<< info depth 29 currmove g8f6 currmovenumber 2
<< info depth 29 currmove e7e6 currmovenumber 3
<< info depth 29 currmove a7a6 currmovenumber 4
<< info depth 29 currmove e7e5 currmovenumber 5
<< info depth 29 currmove g7g6 currmovenumber 6
<< info depth 29 currmove c7c6 currmovenumber 7
<< info depth 29 currmove a7a5 currmovenumber 8
<< info depth 29 currmove b8c6 currmovenumber 9
<< info depth 29 currmove d7d6 currmovenumber 10
<< info depth 29 currmove h7h6 currmovenumber 11
<< info depth 29 currmove c7c5 currmovenumber 12
<< info depth 29 currmove b7b5 currmovenumber 13
<< info depth 29 currmove b7b6 currmovenumber 14
<< info depth 29 currmove f7f6 currmovenumber 15
<< info depth 29 currmove f7f5 currmovenumber 16
<< info depth 29 currmove g7g5 currmovenumber 17
<< info depth 29 currmove h7h5 currmovenumber 18
<< info depth 29 currmove b8a6 currmovenumber 19
<< info depth 29 currmove g8h6 currmovenumber 20
<< info depth 32 seldepth 32 multipv 1 score cp -32 upperbound nodes 10905001 nps 622964 hashfull 806 tbhits 0 time 17505 pv d7d5 c2c4
<< info depth 29 currmove d7d5 currmovenumber 1
<< info depth 29 currmove g8f6 currmovenumber 2
<< info depth 29 currmove e7e6 currmovenumber 3
<< info depth 29 currmove c7c5 currmovenumber 4
<< info depth 29 currmove a7a6 currmovenumber 5
<< info depth 29 currmove d7d6 currmovenumber 6
<< info depth 29 currmove b8c6 currmovenumber 7
<< info depth 29 currmove e7e5 currmovenumber 8
<< info depth 29 currmove b7b6 currmovenumber 9
<< info depth 29 currmove g7g6 currmovenumber 10
<< info depth 29 currmove c7c6 currmovenumber 11
<< info depth 29 currmove a7a5 currmovenumber 12
<< info depth 29 currmove h7h6 currmovenumber 13
<< info depth 29 currmove b7b5 currmovenumber 14
<< info depth 29 currmove f7f6 currmovenumber 15
<< info depth 29 currmove f7f5 currmovenumber 16
<< info depth 29 currmove g7g5 currmovenumber 17
<< info depth 29 currmove h7h5 currmovenumber 18
<< info depth 29 currmove b8a6 currmovenumber 19
<< info depth 29 currmove g8h6 currmovenumber 20
<< info depth 32 seldepth 32 multipv 1 score cp -35 upperbound nodes 11771945 nps 621932 hashfull 841 tbhits 0 time 18928 pv d7d5 c2c4
<< info depth 29 currmove d7d5 currmovenumber 1
<< info depth 32 seldepth 38 multipv 1 score cp -32 lowerbound nodes 12880020 nps 620185 hashfull 875 tbhits 0 time 20768 pv d7d5
<< info depth 28 currmove d7d5 currmovenumber 1
<< info depth 27 currmove g8f6 currmovenumber 2
<< info depth 27 currmove c7c6 currmovenumber 3
<< info depth 27 currmove e7e6 currmovenumber 4
<< info depth 27 currmove c7c5 currmovenumber 5
<< info depth 27 currmove a7a6 currmovenumber 6
<< info depth 27 currmove h7h6 currmovenumber 7
<< info depth 27 currmove e7e5 currmovenumber 8
<< info depth 27 currmove b7b5 currmovenumber 9
<< info depth 27 currmove a7a5 currmovenumber 10
<< info depth 27 currmove b8c6 currmovenumber 11
<< info depth 27 currmove b7b6 currmovenumber 12
<< info depth 27 currmove g8h6 currmovenumber 13
<< info depth 27 currmove g7g6 currmovenumber 14
<< info depth 27 currmove d7d6 currmovenumber 15
<< info depth 27 currmove f7f5 currmovenumber 16
<< info depth 27 currmove f7f6 currmovenumber 17
<< info depth 27 currmove g7g5 currmovenumber 18
<< info depth 27 currmove h7h5 currmovenumber 19
<< info depth 27 currmove b8a6 currmovenumber 20
<< info depth 32 seldepth 38 multipv 1 score cp -29 nodes 13295863 nps 620663 hashfull 885 tbhits 0 time 21422 pv d7d5 c2c4 e7e6 b1c3 g8f6 c4d5 e6d5 c1g5 c7c6 e2e3 h7h6 g5h4 f8e7 f1d3 e8g8 g1e2 b8d7 a2a4 b7b6
<< bestmove d7d5 ponder c2c4
>> position startpos moves d2d4 d7d5 c2c4
>> go wtime 182000 btime 160579 winc 2000 binc 2000 ponder
<< info string NNUE evaluation using nn-5af11540bbfe.nnue enabled
<< info depth 1 seldepth 1 multipv 1 score cp -29 nodes 37 nps 37000 hashfull 0 tbhits 0 time 1 pv e7e6
<< info depth 2 seldepth 2 multipv 1 score cp -29 nodes 70 nps 70000 hashfull 0 tbhits 0 time 1 pv e7e6 b1c3
<< info depth 3 seldepth 3 multipv 1 score cp -29 nodes 107 nps 107000 hashfull 0 tbhits 0 time 1 pv e7e6 b1c3 g8f6
<< info depth 4 seldepth 4 multipv 1 score cp -29 nodes 144 nps 144000 hashfull 0 tbhits 0 time 1 pv e7e6 b1c3 g8f6 c4d5
<< info depth 5 seldepth 5 multipv 1 score cp -29 nodes 185 nps 185000 hashfull 0 tbhits 0 time 1 pv e7e6 b1c3 g8f6 c4d5 e6d5
<< info depth 6 seldepth 6 multipv 1 score cp -29 nodes 231 nps 231000 hashfull 0 tbhits 0 time 1 pv e7e6 b1c3 g8f6 c4d5 e6d5 c1g5
<< info depth 7 seldepth 8 multipv 1 score cp -29 nodes 311 nps 311000 hashfull 0 tbhits 0 time 1 pv e7e6 b1c3 g8f6 c4d5 e6d5 c1g5 c7c6 e2e3
<< info depth 8 seldepth 10 multipv 1 score cp -29 nodes 441 nps 441000 hashfull 0 tbhits 0 time 1 pv e7e6 b1c3 g8f6 c4d5 e6d5 c1g5 c7c6 e2e3 h7h6 g5h4
<< info depth 9 seldepth 12 multipv 1 score cp -29 nodes 591 nps 591000 hashfull 0 tbhits 0 time 1 pv e7e6 b1c3 g8f6 c4d5 e6d5 c1g5 c7c6 e2e3 h7h6 g5h4 f8e7 f1d3
<< info depth 10 seldepth 15 multipv 1 score cp -29 nodes 798 nps 798000 hashfull 0 tbhits 0 time 1 pv e7e6 b1c3 g8f6 c4d5 e6d5 c1g5 c7c6 e2e3 h7h6 g5h4 f8e7 f1d3 e8g8 g1e2 b8d7
<< info depth 11 seldepth 17 multipv 1 score cp -29 nodes 1072 nps 1072000 hashfull 0 tbhits 0 time 1 pv e7e6 b1c3 g8f6 c4d5 e6d5 c1g5 c7c6 e2e3 h7h6 g5h4 f8e7 f1d3 e8g8 g1e2 b8d7 a2a4 b7b6
<< info depth 12 seldepth 18 multipv 1 score cp -29 nodes 2025 nps 1012500 hashfull 0 tbhits 0 time 2 pv e7e6 g1f3 d5c4 d1a4 b8d7 e2e4 c7c5 f1c4 c5d4 b1a3 f8c5 b2b4 c5e7
<< info depth 13 seldepth 15 multipv 1 score cp -29 nodes 2376 nps 1188000 hashfull 0 tbhits 0 time 2 pv e7e6 g1f3 d5c4 d1a4 b8d7 e2e4 c7c5 f1c4 c5d4 b1a3 f8c5 b2b4 c5e7 e1g1
<< info depth 14 seldepth 16 multipv 1 score cp -29 nodes 2984 nps 1492000 hashfull 0 tbhits 0 time 2 pv e7e6 g1f3 d5c4 d1a4 b8d7 e2e4 c7c5 f1c4 c5d4 b1a3 f8c5 b2b4 c5e7 e1g1 g8f6
<< info depth 15 seldepth 16 multipv 1 score cp -29 nodes 4207 nps 1402333 hashfull 0 tbhits 0 time 3 pv e7e6 g1f3 d5c4 d1a4 b8d7 e2e4 c7c5 f1c4 c5d4 b1a3 f8c5 b2b4 c5e7 e1g1 g8f6
<< info depth 16 seldepth 23 multipv 1 score cp -28 nodes 9566 nps 1195750 hashfull 1 tbhits 0 time 8 pv e7e6 g1f3 d5c4 d1a4 b8d7 e2e4 c7c5 f1c4 c5d4 b1a3 f8c5 b2b4 c5e7 e1g1 g8f6 e4e5 f6d5 c4d5
<< info depth 17 seldepth 22 multipv 1 score cp -27 nodes 21252 nps 1118526 hashfull 2 tbhits 0 time 19 pv e7e6 b1c3 g8f6 c4d5 e6d5 c1g5 c7c6 e2e3 h7h6 g5h4 f8e7 f1d3 e8g8 h4g3 d8b6 a1b1 c6c5 g1e2 b8c6
<< info depth 18 seldepth 21 multipv 1 score cp -26 nodes 24896 nps 1185523 hashfull 2 tbhits 0 time 21 pv e7e6 b1c3 g8f6 c4d5 e6d5 c1g5 c7c6 e2e3 h7h6 g5h4 f8e7 f1d3 e8g8 g1f3 f6e4 h4e7 d8e7
<< info depth 19 seldepth 27 multipv 1 score cp -25 nodes 42955 nps 933804 hashfull 4 tbhits 0 time 46 pv e7e6 b1c3 g8f6 c4d5 e6d5 c1g5 c7c6 e2e3 h7h6 g5h4 f8e7 f1d3 e8g8 h2h3 f8e8 g1e2 b8d7 e1g1 d7b6 h4g3
<< info depth 20 seldepth 28 multipv 1 score cp -28 nodes 67178 nps 809373 hashfull 7 tbhits 0 time 83 pv e7e6 b1c3 g8f6 c4d5 e6d5 c1g5 c7c6 e2e3 h7h6 g5h4 f8e7 f1d3 e8g8 h2h3 f8e8 g1e2 b8d7 e1g1 f6h5 h4e7 e8e7 d1c2 d7f6
<< info depth 21 seldepth 29 multipv 1 score cp -30 nodes 99319 nps 758160 hashfull 10 tbhits 0 time 131 pv e7e6 b1c3 g8f6 c4d5 e6d5 c1g5 c7c6 e2e3 h7h6 g5h4 f8e7 f1d3 e8g8 g1e2 f8e8 e1g1 b8d7 a2a4 a7a5 d1c2 f6h5 h4e7 d8e7 f1e1
<< info depth 22 seldepth 28 multipv 1 score cp -30 nodes 123457 nps 739263 hashfull 13 tbhits 0 time 167 pv e7e6 b1c3 g8f6 c4d5 e6d5 c1g5 c7c6 e2e3 h7h6 g5h4 c8f5 d1f3 f5h7 h4f6 d8f6 f3f6 g7f6 g1e2 f8d6 e1c1 h6h5 h2h4 b7b5 e2f4 h7f5
<< info depth 23 seldepth 31 multipv 1 score cp -31 nodes 580455 nps 644950 hashfull 64 tbhits 0 time 900 pv e7e6 b1c3 g8f6 c4d5 e6d5 c1g5 c7c6 e2e3 h7h6 g5h4 f8e7 f1d3 e8g8 g1e2 b8d7 e1g1 f8e8 d1c2 b7b5 a1c1 d7b6
<< info depth 24 seldepth 33 multipv 1 score cp -30 nodes 711019 nps 643456 hashfull 81 tbhits 0 time 1105 pv e7e6 b1c3 g8f6 c4d5 e6d5 c1g5 c7c6 e2e3 h7h6 g5h4 f8e7 f1d3 e8g8 g1e2 b8d7 e1g1 b7b5 d1c2 a7a6 c3b1 c8b7 h4f6 d7f6 b1d2
<< info depth 25 seldepth 31 multipv 1 score cp -28 nodes 1817417 nps 631266 hashfull 192 tbhits 0 time 2879 pv e7e6 b1c3 f8b4 c4d5 e6d5 c1f4 c7c5 d4c5 g8f6 e2e3 e8g8 f1d3 b4c5 g1e2 b8c6 e1g1 d5d4 e3d4 c5d4 e2d4 d8d4 f4e3 d4e5 h2h3 f8e8 d1e2 c8f5
<< info depth 26 currmove d5c4 currmovenumber 2
<< info depth 26 currmove b7b5 currmovenumber 3
<< info depth 26 currmove b8c6 currmovenumber 4
<< info depth 26 currmove c8d7 currmovenumber 5
<< info depth 26 currmove g8f6 currmovenumber 6
<< info depth 26 currmove a7a6 currmovenumber 7
<< info depth 26 currmove c7c5 currmovenumber 8
<< info depth 26 currmove b8d7 currmovenumber 9
<< info depth 26 currmove c8f5 currmovenumber 10
<< info depth 26 currmove e7e5 currmovenumber 11
<< info depth 26 currmove c7c6 currmovenumber 12
<< info depth 26 currmove b7b6 currmovenumber 13
<< info depth 26 currmove h7h6 currmovenumber 14
<< info depth 26 currmove c8e6 currmovenumber 15
<< info depth 26 currmove d8d7 currmovenumber 16
<< info depth 26 currmove c8g4 currmovenumber 17
<< info depth 26 currmove f7f6 currmovenumber 18
<< info depth 26 currmove g7g6 currmovenumber 19
<< info depth 26 currmove a7a5 currmovenumber 20
<< info depth 26 currmove f7f5 currmovenumber 21
<< info depth 26 currmove g7g5 currmovenumber 22
<< info depth 26 currmove h7h5 currmovenumber 23
<< info depth 26 currmove b8a6 currmovenumber 24
<< info depth 26 currmove g8h6 currmovenumber 25
<< info depth 26 currmove c8h3 currmovenumber 26
<< info depth 26 currmove d8d6 currmovenumber 27
<< info depth 26 currmove e8d7 currmovenumber 28
<< info depth 26 seldepth 35 multipv 1 score cp -32 upperbound nodes 2129353 nps 628869 hashfull 223 tbhits 0 time 3386 pv e7e6 b1c3
<< info depth 26 currmove e7e6 currmovenumber 1
<< info depth 26 seldepth 35 multipv 1 score cp -29 lowerbound nodes 3185983 nps 616005 hashfull 335 tbhits 0 time 5172 pv e7e6
<< info depth 25 currmove e7e6 currmovenumber 1
<< info depth 26 seldepth 35 multipv 1 score cp -25 lowerbound nodes 3421438 nps 620612 hashfull 351 tbhits 0 time 5513 pv e7e6
<< info depth 24 currmove e7e6 currmovenumber 1
<< info depth 23 currmove d5c4 currmovenumber 2
<< info depth 23 currmove g8f6 currmovenumber 3
<< info depth 23 currmove c8d7 currmovenumber 4
<< info depth 23 currmove b7b5 currmovenumber 5
<< info depth 23 currmove c7c5 currmovenumber 6
<< info depth 23 currmove b8c6 currmovenumber 7
<< info depth 23 currmove b7b6 currmovenumber 8
<< info depth 23 currmove a7a6 currmovenumber 9
<< info depth 23 currmove c7c6 currmovenumber 10
<< info depth 23 currmove b8d7 currmovenumber 11
<< info depth 23 currmove d8d7 currmovenumber 12
<< info depth 23 currmove c8f5 currmovenumber 13
<< info depth 23 currmove c8h3 currmovenumber 14
<< info depth 23 currmove e7e5 currmovenumber 15
<< info depth 23 currmove c8g4 currmovenumber 16
<< info depth 23 currmove g8h6 currmovenumber 17
<< info depth 23 currmove a7a5 currmovenumber 18
<< info depth 23 currmove c8e6 currmovenumber 19
<< info depth 23 currmove g7g6 currmovenumber 20
<< info depth 23 currmove e8d7 currmovenumber 21
<< info depth 23 currmove f7f6 currmovenumber 22
<< info depth 23 currmove g7g5 currmovenumber 23
<< info depth 23 currmove h7h5 currmovenumber 24
<< info depth 23 currmove h7h6 currmovenumber 25
<< info depth 23 currmove f7f5 currmovenumber 26
<< info depth 23 currmove b8a6 currmovenumber 27
<< info depth 23 currmove d8d6 currmovenumber 28
<< info depth 26 seldepth 35 multipv 1 score cp -22 nodes 3748340 nps 626079 hashfull 378 tbhits 0 time 5987 pv e7e6 b1c3 f8b4 c4d5 e6d5 g1f3 g8f6 c1g5 e8g8 e2e3 c7c5 f1e2 h7h6 g5h4 c5c4 d1c2 b8c6 f3e5 f8e8
<< info depth 27 currmove e7e6 currmovenumber 1
>> stop
<< info depth 27 seldepth 35 multipv 1 score cp -22 nodes 4146149 nps 626590 hashfull 415 tbhits 0 time 6617 pv e7e6 b1c3 f8b4 c4d5 e6d5 g1position startpos moves d2d4 d7d5 e2e3
<< f3 g8f6 c1g5 e8g8 e2e3 c7c5 f1e2 h7h6 g5h4 c5c4 d1c2 b8c6 f3e5 f8e8
<< bestmove e7e6 gon deim b171c3
<< bestmove e7e6 gon deim b171c3
 >> btime 160570 winc 2000 binc 2000
<< info string NNUE evaluation using nn-5af11540bbfe.nnue enabled
<< info depth 1 seldepth 1 multipv 1 score cp -20 nodes 33 nps 33000 hashfull 0 tbhits 0 time 1 pv g8f6
<< info depth 2 seldepth 2 multipv 1 score cp -20 nodes 67 nps 67000 hashfull 0 tbhits 0 time 1 pv g8f6
<< info depth 3 seldepth 3 multipv 1 score cp -22 nodes 201 nps 201000 hashfull 0 tbhits 0 time 1 pv e7e6 c2c4 g8f6
<< info depth 4 seldepth 4 multipv 1 score cp -3 nodes 265 nps 265000 hashfull 0 tbhits 0 time 1 pv g8f6 g1f3
<< info depth 5 seldepth 5 multipv 1 score cp -22 nodes 989 nps 494500 hashfull 0 tbhits 0 time 2 pv g8f6 f1d3 e7e6
<< info depth 6 seldepth 4 multipv 1 score cp -20 nodes 1089 nps 544500 hashfull 0 tbhits 0 time 2 pv e7e6 c2c4 g8f6 g1f3
<< info depth 7 seldepth 7 multipv 1 score cp -20 nodes 1407 nps 703500 hashfull 0 tbhits 0 time 2 pv e7e6 c2c4 g8f6 g1f3 d5c4 f1c4 a7a6
<< info depth 8 seldepth 7 multipv 1 score cp -20 nodes 2207 nps 735666 hashfull 0 tbhits 0 time 3 pv e7e6 c2c4 g8f6 g1f3 d5c4 f1c4 a7a6
<< info depth 9 seldepth 10 multipv 1 score cp -15 nodes 3607 nps 901750 hashfull 0 tbhits 0 time 4 pv e7e6 c2c4 g8f6 b1c3 c7c5 c4d5 f6d5 d4c5
<< info depth 10 seldepth 10 multipv 1 score cp -15 nodes 4692 nps 938400 hashfull 0 tbhits 0 time 5 pv g8f6 c2c4 e7e6 b1c3 c7c5 c4d5 f6d5 d4c5 d5c3 d1d8 e8d8
<< info depth 11 seldepth 11 multipv 1 score cp -16 nodes 8216 nps 1027000 hashfull 0 tbhits 0 time 8 pv g8f6 g1f3 e7e6 f1e2 f8e7 e1g1 e8g8 c2c4 d5c4 e2c4
<< info depth 12 seldepth 12 multipv 1 score cp -15 nodes 24137 nps 965480 hashfull 0 tbhits 0 time 25 pv c7c6 g1f3 g8f6 c2c4 c8f5 c4d5 c6d5 f1b5 b8d7
<< info depth 13 seldepth 12 multipv 1 score cp -11 nodes 35365 nps 906794 hashfull 1 tbhits 0 time 39 pv g8f6 c2c4 e7e6 g1f3 f8e7 f1d3 d5c4 d3c4 c7c5 e1g1 c5d4
<< info depth 14 seldepth 14 multipv 1 score cp -7 nodes 46131 nps 870396 hashfull 1 tbhits 0 time 53 pv g8f6 c2c4 e7e6 g1f3 c7c5 a2a3 b8c6 c4d5 e6d5 f1e2 f6e4
<< info depth 15 seldepth 18 multipv 1 score cp -8 nodes 92254 nps 732174 hashfull 8 tbhits 0 time 126 pv c8f5 c2c4 c7c6 b1c3 e7e6 g1f3 g8f6 f1d3 f5d3 d1d3 f8e7 e3e4 f6e4 c3e4 d5e4 d3e4
<< info depth 16 seldepth 21 multipv 1 score cp -9 nodes 99784 nps 733705 hashfull 8 tbhits 0 time 136 pv c8f5 c2c4 c7c6 b1c3 e7e6 g1f3 f8e7 f1d3 f5d3 d1d3 g8f6 e1g1 b8d7 e3e4 f6e4 c3e4 d5e4 d3e4
<< info depth 17 seldepth 23 multipv 1 score cp -6 nodes 122991 nps 715063 hashfull 10 tbhits 0 time 172 pv c8f5 c2c4 c7c6 b1c3 e7e6 g1f3 b8d7 f1d3 f5d3 d1d3 g8f6 e1g1 f8b4 e3e4 d5c4 d3c4
<< info depth 18 seldepth 24 multipv 1 score cp -8 nodes 153542 nps 691630 hashfull 13 tbhits 0 time 222 pv c8f5 c2c4 c7c6 b1c3 e7e6 g1f3 b8d7 f1d3 f5d3 d1d3 g8f6 e1g1 f8e7 e3e4 d5e4 c3e4 f6e4 d3e4 e8g8 f1d1 d8a5 a2a3 a8d8
<< info depth 19 seldepth 27 multipv 1 score cp -4 nodes 283356 nps 681144 hashfull 25 tbhits 0 time 416 pv c8f5 c2c4 c7c6 c4d5 c6d5 d1b3 d8c7 f1b5 b8d7 b1c3 e7e6 b5d7 c7d7 g1f3 f7f6 f3h4 g8e7 e1g1 f5g4 f2f3
<< info depth 20 seldepth 28 multipv 1 score cp -2 nodes 460958 nps 674901 hashfull 39 tbhits 0 time 683 pv c8f5 c2c4 c7c6 b1c3 e7e6 g1f3 b8d7 f1d3 f5d3 d1d3 g8f6 e1g1 f8d6 e3e4 f6e4 c4d5 e4c3 d5c6 c3d5 c6d7 d8d7 f3e5
<< info depth 21 seldepth 26 multipv 1 score cp -5 nodes 678933 nps 654708 hashfull 62 tbhits 0 time 1037 pv g8f6 c2c4 e7e6 g1f3 a7a6 b2b3 c7c5 f1e2 c5d4 e3d4 c8d7 e1g1
<< info depth 22 seldepth 24 multipv 1 score cp -10 nodes 824325 nps 649586 hashfull 80 tbhits 0 time 1269 pv g8f6 c2c4 e7e6 g1f3 a7a6 b2b3 c7c5 f1e2 c5d4 e3d4 b7b6 e1g1 c8b7 b1c3 f8e7 f3e5 e8g8 e2f3 b8c6 c4d5 e6d5 c1g5 a8c8
<< info depth 23 seldepth 32 multipv 1 score cp -13 nodes 1415742 nps 635717 hashfull 141 tbhits 0 time 2227 pv g8f6 c2c4 e7e6 g1f3 f8e7 f1e2 e8g8 e1g1 b7b6 c4d5 e6d5 e2d3 c8a6 d3a6 b8a6
<< info depth 24 seldepth 27 multipv 1 score cp -16 nodes 1692339 nps 635024 hashfull 166 tbhits 0 time 2665 pv g8f6 c2c4 e7e6 g1f3 f8e7 f1e2 d5c4 e1g1 b7b5 a2a4 b5b4 b1d2 c8b7 d2c4 e8g8 b2b3 c7c5 c1b2 b8d7 f3e5 d8c7 e5d7 f6d7 a1c1 a8c8
<< info depth 25 currmove c8f5 currmovenumber 2
<< info depth 25 seldepth 31 multipv 1 score cp -12 lowerbound nodes 2252926 nps 627905 hashfull 228 tbhits 0 time 3588 pv c8f5
<< info depth 24 currmove c8f5 currmovenumber 1
<< info depth 24 currmove g8f6 currmovenumber 2
<< info depth 24 currmove e7e6 currmovenumber 3
<< info depth 24 currmove e7e5 currmovenumber 4
<< info depth 24 currmove d8d6 currmovenumber 5
<< info depth 24 currmove c7c6 currmovenumber 6
<< info depth 24 currmove b7b5 currmovenumber 7
<< info depth 24 currmove b8d7 currmovenumber 8
<< info depth 24 currmove b8c6 currmovenumber 9
<< info depth 24 currmove c8e6 currmovenumber 10
<< info depth 24 currmove a7a5 currmovenumber 11
<< info depth 24 currmove c7c5 currmovenumber 12
<< info depth 24 currmove a7a6 currmovenumber 13
<< info depth 24 currmove b7b6 currmovenumber 14
<< info depth 24 currmove f7f6 currmovenumber 15
<< info depth 24 currmove g7g6 currmovenumber 16
<< info depth 24 currmove h7h6 currmovenumber 17
<< info depth 24 currmove f7f5 currmovenumber 18
<< info depth 24 currmove g7g5 currmovenumber 19
<< info depth 24 currmove h7h5 currmovenumber 20
<< info depth 24 currmove b8a6 currmovenumber 21
<< info depth 24 currmove g8h6 currmovenumber 22
<< info depth 24 currmove c8h3 currmovenumber 23
<< info depth 24 currmove c8g4 currmovenumber 24
<< info depth 24 currmove c8d7 currmovenumber 25
<< info depth 24 currmove d8d7 currmovenumber 26
<< info depth 24 currmove e8d7 currmovenumber 27
<< info depth 25 seldepth 31 multipv 1 score cp -18 upperbound nodes 2618613 nps 626462 hashfull 264 tbhits 0 time 4180 pv c8f5 c2c4
<< info depth 25 currmove c8f5 currmovenumber 1
<< info depth 25 seldepth 31 multipv 1 score cp -14 lowerbound nodes 2690106 nps 625897 hashfull 272 tbhits 0 time 4298 pv c8f5
<< info depth 24 currmove c8f5 currmovenumber 1
<< info depth 23 currmove g8f6 currmovenumber 2
<< info depth 23 currmove e7e6 currmovenumber 3
<< info depth 23 currmove c7c6 currmovenumber 4
<< info depth 23 currmove e7e5 currmovenumber 5
<< info depth 23 currmove b8d7 currmovenumber 6
<< info depth 23 currmove b8c6 currmovenumber 7
<< info depth 23 currmove c8d7 currmovenumber 8
<< info depth 23 currmove h7h6 currmovenumber 9
<< info depth 23 currmove h7h5 currmovenumber 10
<< info depth 23 currmove a7a6 currmovenumber 11
<< info depth 23 currmove c7c5 currmovenumber 12
<< info depth 23 currmove b8a6 currmovenumber 13
<< info depth 23 currmove d8d6 currmovenumber 14
<< info depth 23 currmove b7b6 currmovenumber 15
<< info depth 23 currmove f7f6 currmovenumber 16
<< info depth 23 currmove g7g6 currmovenumber 17
<< info depth 23 currmove a7a5 currmovenumber 18
<< info depth 23 currmove b7b5 currmovenumber 19
<< info depth 23 currmove f7f5 currmovenumber 20
<< info depth 23 currmove g7g5 currmovenumber 21
<< info depth 23 currmove g8h6 currmovenumber 22
<< info depth 23 currmove c8h3 currmovenumber 23
<< info depth 23 currmove c8g4 currmovenumber 24
<< info depth 23 currmove c8e6 currmovenumber 25
<< info depth 23 currmove d8d7 currmovenumber 26
<< info depth 23 currmove e8d7 currmovenumber 27
<< info depth 25 seldepth 31 multipv 1 score cp -16 nodes 2779726 nps 626487 hashfull 279 tbhits 0 time 4437 pv c8f5 c2c4 c7c6 d1b3 d8c7 c4d5 c6d5 f1b5 b8d7 c1d2 e7e6 g1f3 g8e7 e1g1 e7c6 f1c1 f8d6 h2h3 e8g8 b1c3
<< info depth 26 currmove c8f5 currmovenumber 1
<< info depth 26 currmove g8f6 currmovenumber 2
<< info depth 26 currmove c7c5 currmovenumber 3
<< info depth 26 currmove e7e6 currmovenumber 4
<< info depth 26 currmove c7c6 currmovenumber 5
<< info depth 26 currmove e7e5 currmovenumber 6
<< info depth 26 currmove b7b5 currmovenumber 7
<< info depth 26 currmove b8d7 currmovenumber 8
<< info depth 26 currmove f7f6 currmovenumber 9
<< info depth 26 currmove c8d7 currmovenumber 10
<< info depth 26 currmove b8c6 currmovenumber 11
<< info depth 26 currmove a7a6 currmovenumber 12
<< info depth 26 currmove b7b6 currmovenumber 13
<< info depth 26 currmove g7g6 currmovenumber 14
<< info depth 26 currmove h7h6 currmovenumber 15
<< info depth 26 currmove a7a5 currmovenumber 16
<< info depth 26 currmove f7f5 currmovenumber 17
<< info depth 26 currmove g7g5 currmovenumber 18
<< info depth 26 currmove h7h5 currmovenumber 19
<< info depth 26 currmove b8a6 currmovenumber 20
<< info depth 26 currmove g8h6 currmovenumber 21
<< info depth 26 currmove c8h3 currmovenumber 22
<< info depth 26 currmove c8g4 currmovenumber 23
<< info depth 26 currmove c8e6 currmovenumber 24
<< info depth 26 currmove d8d6 currmovenumber 25
<< info depth 26 currmove d8d7 currmovenumber 26
<< info depth 26 currmove e8d7 currmovenumber 27
<< info depth 26 seldepth 32 multipv 1 score cp -18 upperbound nodes 2989317 nps 624726 hashfull 303 tbhits 0 time 4785 pv c8f5 c2c4
<< info depth 26 currmove c8f5 currmovenumber 1
<< info depth 26 seldepth 32 multipv 1 score cp -15 lowerbound nodes 3193251 nps 625636 hashfull 319 tbhits 0 time 5104 pv c8f5
<< info depth 25 currmove c8f5 currmovenumber 1
<< info depth 26 seldepth 32 multipv 1 score cp -11 lowerbound nodes 3271388 nps 627664 hashfull 324 tbhits 0 time 5212 pv c8f5
<< info depth 24 currmove c8f5 currmovenumber 1
<< info depth 23 currmove g8f6 currmovenumber 2
<< info depth 23 currmove e7e6 currmovenumber 3
<< info depth 23 currmove c7c6 currmovenumber 4
<< info depth 23 currmove b8d7 currmovenumber 5
<< info depth 23 currmove e7e5 currmovenumber 6
<< info depth 23 currmove b8c6 currmovenumber 7
<< info depth 23 currmove h7h5 currmovenumber 8
<< info depth 23 currmove a7a6 currmovenumber 9
<< info depth 23 currmove d8d7 currmovenumber 10
<< info depth 23 currmove h7h6 currmovenumber 11
<< info depth 23 currmove c7c5 currmovenumber 12
<< info depth 23 currmove b8a6 currmovenumber 13
<< info depth 23 currmove e8d7 currmovenumber 14
<< info depth 23 currmove c8e6 currmovenumber 15
<< info depth 23 currmove f7f6 currmovenumber 16
<< info depth 23 currmove c8g4 currmovenumber 17
<< info depth 23 currmove g7g6 currmovenumber 18
<< info depth 23 currmove b7b6 currmovenumber 19
<< info depth 23 currmove a7a5 currmovenumber 20
<< info depth 23 currmove b7b5 currmovenumber 21
<< info depth 23 currmove f7f5 currmovenumber 22
<< info depth 23 currmove g7g5 currmovenumber 23
<< info depth 23 currmove g8h6 currmovenumber 24
<< info depth 23 currmove c8h3 currmovenumber 25
<< info depth 23 currmove c8d7 currmovenumber 26
<< info depth 23 currmove d8d6 currmovenumber 27
<< info depth 26 seldepth 36 multipv 1 score cp -15 nodes 3582306 nps 625402 hashfull 353 tbhits 0 time 5728 pv c8f5 c2c4 e7e6 d1b3 b7b6 g1f3 c7c6 c1d2 b8d7 c4d5 e6d5 d2b4 c6c5 d4c5 b6c5 b4c3 c5c4 b3a4 g8f6 c3f6 d8f6 b1c3
<< info depth 27 currmove c8f5 currmovenumber 1
<< info depth 27 currmove g8f6 currmovenumber 2
<< info depth 27 currmove c7c5 currmovenumber 3
<< info depth 27 currmove c7c6 currmovenumber 4
<< info depth 27 currmove e7e6 currmovenumber 5
<< info depth 27 currmove h7h5 currmovenumber 6
<< info depth 27 currmove e7e5 currmovenumber 7
<< info depth 27 currmove b8c6 currmovenumber 8
<< info depth 27 currmove b7b5 currmovenumber 9
<< info depth 27 currmove d8d7 currmovenumber 10
<< info depth 27 currmove c8e6 currmovenumber 11
<< info depth 27 currmove a7a6 currmovenumber 12
<< info depth 27 currmove g8h6 currmovenumber 13
<< info depth 27 currmove b8d7 currmovenumber 14
<< info depth 27 currmove c8d7 currmovenumber 15
<< info depth 27 currmove h7h6 currmovenumber 16
<< info depth 27 currmove b7b6 currmovenumber 17
<< info depth 27 currmove f7f6 currmovenumber 18
<< info depth 27 currmove g7g6 currmovenumber 19
<< info depth 27 currmove a7a5 currmovenumber 20
<< info depth 27 currmove f7f5 currmovenumber 21
<< info depth 27 currmove g7g5 currmovenumber 22
<< info depth 27 currmove b8a6 currmovenumber 23
<< info depth 27 currmove c8h3 currmovenumber 24
<< info depth 27 currmove c8g4 currmovenumber 25
<< info depth 27 currmove d8d6 currmovenumber 26
<< info depth 27 currmove e8d7 currmovenumber 27
<< info depth 27 seldepth 30 multipv 1 score cp -17 upperbound nodes 4162855 nps 617359 hashfull 410 tbhits 0 time 6743 pv c8f5 c2c4
<< info depth 27 currmove c8f5 currmovenumber 1
<< info depth 27 currmove g8f6 currmovenumber 2
<< info depth 27 currmove e7e5 currmovenumber 3
<< info depth 27 currmove e7e6 currmovenumber 4
<< info depth 27 currmove c7c5 currmovenumber 5
<< info depth 27 currmove c7c6 currmovenumber 6
<< info depth 27 currmove a7a6 currmovenumber 7
<< info depth 27 currmove b8c6 currmovenumber 8
<< info depth 27 currmove b8d7 currmovenumber 9
<< info depth 27 currmove d8d7 currmovenumber 10
<< info depth 27 currmove b7b6 currmovenumber 11
<< info depth 27 currmove c8d7 currmovenumber 12
<< info depth 27 currmove f7f6 currmovenumber 13
<< info depth 27 currmove g7g6 currmovenumber 14
<< info depth 27 currmove h7h6 currmovenumber 15
<< info depth 27 currmove a7a5 currmovenumber 16
<< info depth 27 currmove b7b5 currmovenumber 17
<< info depth 27 currmove f7f5 currmovenumber 18
<< info depth 27 currmove g7g5 currmovenumber 19
<< info depth 27 currmove h7h5 currmovenumber 20
<< info depth 27 currmove b8a6 currmovenumber 21
<< info depth 27 currmove g8h6 currmovenumber 22
<< info depth 27 currmove c8h3 currmovenumber 23
<< info depth 27 currmove c8g4 currmovenumber 24
<< info depth 27 currmove c8e6 currmovenumber 25
<< info depth 27 currmove d8d6 currmovenumber 26
<< info depth 27 currmove e8d7 currmovenumber 27
<< info depth 27 seldepth 30 multipv 1 score cp -20 upperbound nodes 4346688 nps 620512 hashfull 424 tbhits 0 time 7005 pv c8f5 c2c4
<< info depth 27 currmove c8f5 currmovenumber 1
<< info depth 27 currmove g8f6 currmovenumber 2
<< info depth 27 seldepth 30 multipv 1 score cp -17 lowerbound nodes 4638020 nps 621135 hashfull 448 tbhits 0 time 7467 pv g8f6
<< info depth 26 currmove g8f6 currmovenumber 1
<< info depth 27 seldepth 30 multipv 1 score cp -12 lowerbound nodes 4714178 nps 621841 hashfull 455 tbhits 0 time 7581 pv g8f6
<< info depth 25 currmove g8f6 currmovenumber 1
<< info depth 24 currmove c8f5 currmovenumber 2
<< info depth 24 currmove e7e6 currmovenumber 3
<< info depth 24 currmove e7e5 currmovenumber 4
<< info depth 24 currmove c7c6 currmovenumber 5
<< info depth 24 currmove c7c5 currmovenumber 6
<< info depth 24 currmove b7b6 currmovenumber 7
<< info depth 24 currmove a7a6 currmovenumber 8
<< info depth 24 currmove b8c6 currmovenumber 9
<< info depth 24 currmove c8d7 currmovenumber 10
<< info depth 24 currmove b7b5 currmovenumber 11
<< info depth 24 currmove f7f6 currmovenumber 12
<< info depth 24 currmove c8e6 currmovenumber 13
<< info depth 24 currmove g7g6 currmovenumber 14
<< info depth 24 currmove h7h6 currmovenumber 15
<< info depth 24 currmove a7a5 currmovenumber 16
<< info depth 24 currmove f7f5 currmovenumber 17
<< info depth 24 currmove g7g5 currmovenumber 18
<< info depth 24 currmove h7h5 currmovenumber 19
<< info depth 24 currmove b8a6 currmovenumber 20
<< info depth 24 currmove b8d7 currmovenumber 21
<< info depth 24 currmove g8h6 currmovenumber 22
<< info depth 24 currmove c8h3 currmovenumber 23
<< info depth 24 currmove c8g4 currmovenumber 24
<< info depth 24 currmove d8d6 currmovenumber 25
<< info depth 24 currmove d8d7 currmovenumber 26
<< info depth 24 currmove e8d7 currmovenumber 27
<< info depth 27 seldepth 30 multipv 1 score cp -14 nodes 4817207 nps 622619 hashfull 463 tbhits 0 time 7737 pv g8f6 c2c4 e7e6 g1f3 f8e7 f1e2 d5c4 e1g1 e8g8 e2c4 c7c5 d4c5 e7c5 b1c3 c8d7 d1e2 d7c6 e3e4 b8d7 e4e5 f6d5 c3d5 e6d5 c4d3 f8e8 c1f4
<< info depth 28 currmove g8f6 currmovenumber 1
<< info depth 28 seldepth 31 multipv 1 score cp -11 lowerbound nodes 5212155 nps 620199 hashfull 489 tbhits 0 time 8404 pv g8f6
<< info depth 27 currmove g8f6 currmovenumber 1
<< info depth 28 seldepth 39 multipv 1 score cp -8 lowerbound nodes 5614145 nps 621652 hashfull 518 tbhits 0 time 9031 pv g8f6
<< info depth 26 currmove g8f6 currmovenumber 1
<< info depth 25 currmove c8f5 currmovenumber 2
<< info depth 25 currmove e7e6 currmovenumber 3
<< info depth 25 currmove c7c5 currmovenumber 4
<< info depth 25 currmove e7e5 currmovenumber 5
<< info depth 25 currmove c7c6 currmovenumber 6
<< info depth 25 currmove b8c6 currmovenumber 7
<< info depth 25 currmove g8h6 currmovenumber 8
<< info depth 25 currmove a7a6 currmovenumber 9
<< info depth 25 currmove a7a5 currmovenumber 10
<< info depth 25 currmove b8d7 currmovenumber 11
<< info depth 25 currmove c8g4 currmovenumber 12
<< info depth 25 currmove c8d7 currmovenumber 13
<< info depth 25 currmove f7f6 currmovenumber 14
<< info depth 25 currmove c8e6 currmovenumber 15
<< info depth 25 currmove f7f5 currmovenumber 16
<< info depth 25 currmove b7b6 currmovenumber 17
<< info depth 25 currmove b7b5 currmovenumber 18
<< info depth 25 currmove b8a6 currmovenumber 19
<< info depth 25 currmove g7g6 currmovenumber 20
<< info depth 25 currmove h7h6 currmovenumber 21
<< info depth 25 currmove g7g5 currmovenumber 22
<< info depth 25 currmove h7h5 currmovenumber 23
<< info depth 25 currmove c8h3 currmovenumber 24
<< info depth 25 currmove d8d6 currmovenumber 25
<< info depth 25 currmove d8d7 currmovenumber 26
<< info depth 25 currmove e8d7 currmovenumber 27
<< info depth 28 seldepth 39 multipv 1 score cp -8 nodes 5768515 nps 622076 hashfull 530 tbhits 0 time 9273 pv g8f6 c2c4 e7e6 g1f3 f8e7 f1e2 d5c4 e1g1 e8g8 e2c4 a7a6 b1c3 c7c5 d4c5 e7c5 c4d3 b8d7 e3e4 d8c7 d1e2 f6g4 h2h3 g4e5 f1d1 e5f3 e2f3 c5d6
<< info depth 28 currmove g8f6 currmovenumber 1
<< info depth 28 currmove c8f5 currmovenumber 2
<< info depth 28 currmove e7e6 currmovenumber 3
<< info depth 28 currmove c7c6 currmovenumber 4
<< info depth 28 currmove g8h6 currmovenumber 5
<< info depth 28 currmove c8d7 currmovenumber 6
<< info depth 28 currmove g7g6 currmovenumber 7
<< info depth 28 currmove e7e5 currmovenumber 8
<< info depth 28 currmove b8d7 currmovenumber 9
<< info depth 28 currmove c7c5 currmovenumber 10
<< info depth 28 currmove a7a6 currmovenumber 11
<< info depth 28 currmove b8c6 currmovenumber 12
<< info depth 28 currmove h7h6 currmovenumber 13
<< info depth 28 currmove c8g4 currmovenumber 14
<< info depth 28 currmove a7a5 currmovenumber 15
<< info depth 28 currmove h7h5 currmovenumber 16
<< info depth 28 currmove b7b5 currmovenumber 17
<< info depth 28 currmove c8e6 currmovenumber 18
<< info depth 28 currmove b7b6 currmovenumber 19
<< info depth 28 currmove f7f6 currmovenumber 20
<< info depth 28 currmove f7f5 currmovenumber 21
<< info depth 28 currmove g7g5 currmovenumber 22
<< info depth 28 currmove b8a6 currmovenumber 23
<< info depth 28 currmove c8h3 currmovenumber 24
<< info depth 28 currmove d8d6 currmovenumber 25
<< info depth 28 currmove d8d7 currmovenumber 26
<< info depth 28 currmove e8d7 currmovenumber 27
<< info depth 29 seldepth 37 multipv 1 score cp -11 upperbound nodes 6371940 nps 624332 hashfull 574 tbhits 0 time 10206 pv g8f6 c2c4
<< info depth 28 currmove g8f6 currmovenumber 1
<< info depth 27 currmove c8f5 currmovenumber 2
<< info depth 27 currmove e7e6 currmovenumber 3
<< info depth 27 currmove c8d7 currmovenumber 4
<< info depth 27 currmove c7c5 currmovenumber 5
<< info depth 27 currmove c7c6 currmovenumber 6
<< info depth 27 currmove g8h6 currmovenumber 7
<< info depth 27 currmove h7h6 currmovenumber 8
<< info depth 27 currmove b8d7 currmovenumber 9
<< info depth 27 currmove b8c6 currmovenumber 10
<< info depth 27 currmove e7e5 currmovenumber 11
<< info depth 27 currmove a7a5 currmovenumber 12
<< info depth 27 currmove b8a6 currmovenumber 13
<< info depth 27 currmove f7f5 currmovenumber 14
<< info depth 27 currmove d8d7 currmovenumber 15
<< info depth 27 currmove g7g6 currmovenumber 16
<< info depth 27 currmove a7a6 currmovenumber 17
<< info depth 27 currmove b7b6 currmovenumber 18
<< info depth 27 currmove h7h5 currmovenumber 19
<< info depth 27 currmove c8e6 currmovenumber 20
<< info depth 27 currmove b7b5 currmovenumber 21
<< info depth 27 currmove c8g4 currmovenumber 22
<< info depth 27 currmove f7f6 currmovenumber 23
<< info depth 27 currmove g7g5 currmovenumber 24
<< info depth 27 currmove c8h3 currmovenumber 25
<< info depth 27 currmove d8d6 currmovenumber 26
<< info depth 27 currmove e8d7 currmovenumber 27
<< info depth 29 seldepth 37 multipv 1 score cp -10 nodes 6467798 nps 624666 hashfull 583 tbhits 0 time 10354 pv g8f6 c2c4 e7e6 g1f3 f8e7 f1e2 d5c4 e1g1 e8g8 e2c4 a7a6 c4d3 c7c5 d4c5 e7c5 b1c3 b8d7 e3e4 d8c7 d1e2 f6g4 h2h3 g4e5 f1d1 b7b5 c1f4 c5d6 f3e5 d6e5 f4e3
<< info depth 28 currmove g8f6 currmovenumber 1
<< info depth 30 seldepth 35 multipv 1 score cp -7 lowerbound nodes 6757778 nps 626300 hashfull 599 tbhits 0 time 10790 pv g8f6
<< info depth 27 currmove g8f6 currmovenumber 1
<< info depth 27 currmove c8f5 currmovenumber 2
<< info depth 27 currmove c7c5 currmovenumber 3
<< info depth 27 currmove e7e5 currmovenumber 4
<< info depth 27 currmove a7a6 currmovenumber 5
<< info depth 27 currmove c7c6 currmovenumber 6
<< info depth 27 currmove g7g6 currmovenumber 7
<< info depth 27 currmove e7e6 currmovenumber 8
<< info depth 27 currmove g8h6 currmovenumber 9
<< info depth 27 currmove a7a5 currmovenumber 10
<< info depth 27 currmove b8c6 currmovenumber 11
<< info depth 27 currmove c8d7 currmovenumber 12
<< info depth 27 currmove b8d7 currmovenumber 13
<< info depth 27 currmove h7h6 currmovenumber 14
<< info depth 27 currmove c8g4 currmovenumber 15
<< info depth 27 currmove b8a6 currmovenumber 16
<< info depth 27 currmove b7b5 currmovenumber 17
<< info depth 27 currmove b7b6 currmovenumber 18
<< info depth 27 currmove f7f6 currmovenumber 19
<< info depth 27 currmove f7f5 currmovenumber 20
<< info depth 27 currmove g7g5 currmovenumber 21
<< info depth 27 currmove h7h5 currmovenumber 22
<< info depth 27 currmove c8h3 currmovenumber 23
<< info depth 27 currmove c8e6 currmovenumber 24
<< info depth 27 currmove d8d6 currmovenumber 25
<< info depth 27 currmove d8d7 currmovenumber 26
<< info depth 27 currmove e8d7 currmovenumber 27
<< info depth 30 seldepth 42 multipv 1 score cp -13 upperbound nodes 6978743 nps 628149 hashfull 608 tbhits 0 time 11110 pv g8f6 c2c4
<< info depth 28 currmove g8f6 currmovenumber 1
<< info depth 30 seldepth 42 multipv 1 score cp -8 lowerbound nodes 7041383 nps 628582 hashfull 611 tbhits 0 time 11202 pv g8f6
<< info depth 27 currmove g8f6 currmovenumber 1
<< info depth 26 currmove c8f5 currmovenumber 2
<< info depth 26 currmove e7e6 currmovenumber 3
<< info depth 26 currmove c7c5 currmovenumber 4
<< info depth 26 currmove c7c6 currmovenumber 5
<< info depth 26 currmove g8h6 currmovenumber 6
<< info depth 26 currmove b8c6 currmovenumber 7
<< info depth 26 currmove c8d7 currmovenumber 8
<< info depth 26 currmove f7f5 currmovenumber 9
<< info depth 26 currmove e7e5 currmovenumber 10
<< info depth 26 currmove b8d7 currmovenumber 11
<< info depth 26 currmove a7a5 currmovenumber 12
<< info depth 26 currmove h7h6 currmovenumber 13
<< info depth 26 currmove b7b6 currmovenumber 14
<< info depth 26 currmove c8g4 currmovenumber 15
<< info depth 26 currmove a7a6 currmovenumber 16
<< info depth 26 currmove b7b5 currmovenumber 17
<< info depth 26 currmove d8d7 currmovenumber 18
<< info depth 26 currmove c8e6 currmovenumber 19
<< info depth 26 currmove f7f6 currmovenumber 20
<< info depth 26 currmove g7g6 currmovenumber 21
<< info depth 26 currmove g7g5 currmovenumber 22
<< info depth 26 currmove h7h5 currmovenumber 23
<< info depth 26 currmove b8a6 currmovenumber 24
<< info depth 26 currmove c8h3 currmovenumber 25
<< info depth 26 currmove d8d6 currmovenumber 26
<< info depth 26 currmove e8d7 currmovenumber 27
<< info depth 30 seldepth 42 multipv 1 score cp -8 nodes 7146372 nps 629248 hashfull 616 tbhits 0 time 11357 pv g8f6 c2c4 e7e6 g1f3 f8e7 f1e2 d5c4 e1g1 e8g8 e2c4 a7a6 c4d3 b8d7 e3e4 c7c5 e4e5 f6d5 b1c3 d5c3 b2c3 c5d4 c3d4 b7b5 a2a4 b5a4 d3e4 a8b8 a1a4 d7b6 a4a1 c8b7
<< bestmove g8f6 ponder c2c4
>> position startpos moves d2d4 d7d5 e2e3 g8f6 c2c4
>> go wtime 177380 btime 151214 winc 2000 binc 2000 ponder
<< info string NNUE evaluation using nn-5af11540bbfe.nnue enabled
<< info depth 1 seldepth 1 multipv 1 score cp -8 nodes 40 nps 40000 hashfull 0 tbhits 0 time 1 pv e7e6
<< info depth 2 seldepth 2 multipv 1 score cp -8 nodes 76 nps 76000 hashfull 0 tbhits 0 time 1 pv e7e6 g1f3
<< info depth 3 seldepth 4 multipv 1 score cp -8 nodes 119 nps 119000 hashfull 0 tbhits 0 time 1 pv e7e6 g1f3 f8e7 f1e2
<< info depth 4 seldepth 4 multipv 1 score cp -8 nodes 163 nps 163000 hashfull 0 tbhits 0 time 1 pv e7e6 g1f3 f8e7 f1e2
<< info depth 5 seldepth 5 multipv 1 score cp -8 nodes 212 nps 212000 hashfull 0 tbhits 0 time 1 pv e7e6 g1f3 f8e7 f1e2 d5c4
<< info depth 6 seldepth 6 multipv 1 score cp -8 nodes 267 nps 267000 hashfull 0 tbhits 0 time 1 pv e7e6 g1f3 f8e7 f1e2 d5c4 e1g1
<< info depth 7 seldepth 8 multipv 1 score cp -8 nodes 360 nps 360000 hashfull 0 tbhits 0 time 1 pv e7e6 g1f3 f8e7 f1e2 d5c4 e1g1 e8g8 e2c4
<< info depth 8 seldepth 9 multipv 1 score cp -8 nodes 481 nps 240500 hashfull 0 tbhits 0 time 2 pv e7e6 g1f3 f8e7 f1e2 d5c4 e1g1 e8g8 e2c4 a7a6
<< info depth 9 seldepth 12 multipv 1 score cp -8 nodes 650 nps 325000 hashfull 0 tbhits 0 time 2 pv e7e6 g1f3 f8e7 f1e2 d5c4 e1g1 e8g8 e2c4 a7a6 c4d3 b8d7 e3e4
<< info depth 10 seldepth 14 multipv 1 score cp -8 nodes 923 nps 461500 hashfull 0 tbhits 0 time 2 pv e7e6 g1f3 f8e7 f1e2 d5c4 e1g1 e8g8 e2c4 a7a6 c4d3 b8d7 e3e4 c7c5 e4e5
<< info depth 11 seldepth 16 multipv 1 score cp -8 nodes 1194 nps 597000 hashfull 0 tbhits 0 time 2 pv e7e6 g1f3 f8e7 f1e2 d5c4 e1g1 e8g8 e2c4 a7a6 c4d3 b8d7 e3e4 c7c5 e4e5 f6d5 b1c3
<< info depth 12 seldepth 15 multipv 1 score cp -8 nodes 1568 nps 784000 hashfull 0 tbhits 0 time 2 pv e7e6 g1f3 f8e7 f1e2 d5c4 e1g1 e8g8 e2c4 a7a6 c4d3 b8d7 e3e4 c7c5 e4e5 f6d5
<< info depth 13 seldepth 15 multipv 1 score cp -8 nodes 1891 nps 945500 hashfull 0 tbhits 0 time 2 pv e7e6 g1f3 f8e7 f1e2 d5c4 e1g1 e8g8 e2c4 a7a6 c4d3 b8d7 e3e4 c7c5 e4e5 f6d5
<< info depth 14 seldepth 17 multipv 1 score cp -8 nodes 2372 nps 1186000 hashfull 0 tbhits 0 time 2 pv e7e6 g1f3 f8e7 f1e2 d5c4 e1g1 e8g8 e2c4 a7a6 c4d3 b8d7 e3e4 c7c5 e4e5 f6d5 b1c3 d5c3
<< info depth 15 seldepth 15 multipv 1 score cp -8 nodes 2845 nps 1422500 hashfull 0 tbhits 0 time 2 pv e7e6 g1f3 f8e7 f1e2 d5c4 e1g1 e8g8 e2c4 a7a6 c4d3 b8d7 e3e4 c7c5 e4e5 f6d5
<< info depth 16 seldepth 17 multipv 1 score cp -8 nodes 3291 nps 1645500 hashfull 0 tbhits 0 time 2 pv e7e6 g1f3 f8e7 f1e2 d5c4 e1g1 e8g8 e2c4 a7a6 c4d3 b8d7 e3e4 c7c5 e4e5 f6d5 b1c3 d5c3
<< info depth 17 seldepth 19 multipv 1 score cp -8 nodes 3830 nps 1276666 hashfull 0 tbhits 0 time 3 pv e7e6 g1f3 f8e7 f1e2 d5c4 e1g1 e8g8 e2c4 a7a6 c4d3 b8d7 e3e4 c7c5 e4e5 f6d5 b1c3 d5c3 b2c3 c5d4
<< info depth 18 seldepth 21 multipv 1 score cp -8 nodes 4568 nps 1522666 hashfull 0 tbhits 0 time 3 pv e7e6 g1f3 f8e7 f1e2 d5c4 e1g1 e8g8 e2c4 a7a6 c4d3 b8d7 e3e4 c7c5 e4e5 f6d5 b1c3 d5c3 b2c3 c5d4 c3d4 b7b5
<< info depth 19 seldepth 23 multipv 1 score cp -8 nodes 5378 nps 1792666 hashfull 0 tbhits 0 time 3 pv e7e6 g1f3 f8e7 f1e2 d5c4 e1g1 e8g8 e2c4 a7a6 c4d3 b8d7 e3e4 c7c5 e4e5 f6d5 b1c3 d5c3 b2c3 c5d4 c3d4 b7b5 a2a4 b5a4
<< info depth 20 seldepth 26 multipv 1 score cp -13 nodes 8937 nps 1787400 hashfull 0 tbhits 0 time 5 pv e7e6 g1f3 f8e7 f1e2 d5c4 e1g1 e8g8 e2c4 a7a6 c4d3 b8d7 e3e4 b7b5 c1g5 c7c5 e4e5 f6d5
<< info depth 21 seldepth 23 multipv 1 score cp -10 nodes 11268 nps 1609714 hashfull 0 tbhits 0 time 7 pv e7e6 g1f3 f8e7 f1e2 d5c4 e1g1 e8g8 e2c4 a7a6 c4d3 b8d7 e3e4 b7b5 e4e5 f6d5 d3c2 c7c5 d1d3 g7g6 c1h6 c8b7 h6f8
<< info depth 22 seldepth 27 multipv 1 score cp -13 nodes 16620 nps 1510909 hashfull 0 tbhits 0 time 11 pv e7e6 g1f3 f8e7 f1e2 d5c4 e1g1 e8g8 e2c4 a7a6 c4d3 b8d7 e3e4 c7c5 e4e5 f6d5 b1c3 d5c3 b2c3 c5d4 c3d4 b7b5 a2a4 b5a4 d3e4 a8b8 d1a4 d7b6
<< info depth 23 seldepth 28 multipv 1 score cp -13 nodes 20204 nps 1554153 hashfull 1 tbhits 0 time 13 pv e7e6 g1f3 f8e7 f1e2 d5c4 e1g1 e8g8 e2c4 a7a6 c4d3 b8d7 e3e4 c7c5 e4e5 f6d5 b1c3 d5c3 b2c3 c5d4 c3d4 b7b5 a2a4 b5a4 d3e4 a8b8 d1a4 d7b6
<< info depth 24 seldepth 33 multipv 1 score cp -14 nodes 62619 nps 934611 hashfull 5 tbhits 0 time 67 pv e7e6 g1f3 f8e7 f1e2 d5c4 e1g1 e8g8 e2c4 a7a6 c4d3 b8d7 e3e4 c7c5 e4e5 f6d5 b1c3 d5c3 b2c3 c5d4 c3d4 b7b5 a2a4 b5a4 d3e4 a8b8 a1a4 d7b6 a4a1 c8b7 e4b7 b8b7 a1a6
<< info depth 25 seldepth 36 multipv 1 score cp -10 nodes 362141 nps 730122 hashfull 36 tbhits 0 time 496 pv e7e6 g1f3 f8e7 b2b3 c7c5 d4c5 e8g8 c1b2 d5c4 f1c4 d8d1 e1d1 e7c5 d1e2 b7b6 b1c3 c8b7 c3a4 c5e7
<< info depth 26 seldepth 32 multipv 1 score cp -8 nodes 1250677 nps 661383 hashfull 135 tbhits 0 time 1891 pv e7e6 g1f3 f8e7 f1e2 d5c4 e1g1 e8g8 e2c4 a7a6 d1e2 b7b5 c4d3 c8b7 a2a4 b5b4 e3e4 c7c5 e4e5 f6d7 b1d2 c5d4 d2b3 b7d5 f3d4
<< info depth 27 seldepth 33 multipv 1 score cp 0 lowerbound nodes 1980887 nps 632871 hashfull 214 tbhits 0 time 3130 pv e7e6
<< info depth 25 currmove e7e6 currmovenumber 1
<< info depth 27 seldepth 33 multipv 1 score cp 3 lowerbound nodes 2359857 nps 628122 hashfull 249 tbhits 0 time 3757 pv e7e6
<< info depth 24 currmove e7e6 currmovenumber 1
<< info depth 23 currmove d5c4 currmovenumber 2
<< info depth 23 currmove c7c5 currmovenumber 3
<< info depth 23 currmove b7b6 currmovenumber 4
<< info depth 23 currmove c8d7 currmovenumber 5
<< info depth 23 currmove c7c6 currmovenumber 6
<< info depth 23 currmove a7a6 currmovenumber 7
<< info depth 23 currmove c8h3 currmovenumber 8
<< info depth 23 currmove b8c6 currmovenumber 9
<< info depth 23 currmove a7a5 currmovenumber 10
<< info depth 23 currmove b7b5 currmovenumber 11
<< info depth 23 currmove c8f5 currmovenumber 12
<< info depth 23 currmove h7h6 currmovenumber 13
<< info depth 23 currmove e7e5 currmovenumber 14
<< info depth 23 currmove b8d7 currmovenumber 15
<< info depth 23 currmove f6d7 currmovenumber 16
<< info depth 23 currmove e8d7 currmovenumber 17
<< info depth 23 currmove g7g6 currmovenumber 18
<< info depth 23 currmove c8g4 currmovenumber 19
<< info depth 23 currmove g7g5 currmovenumber 20
<< info depth 23 currmove h7h5 currmovenumber 21
<< info depth 23 currmove f6e4 currmovenumber 22
<< info depth 23 currmove f6g4 currmovenumber 23
<< info depth 23 currmove f6h5 currmovenumber 24
<< info depth 23 currmove f6g8 currmovenumber 25
<< info depth 23 currmove b8a6 currmovenumber 26
<< info depth 23 currmove c8e6 currmovenumber 27
<< info depth 23 currmove h8g8 currmovenumber 28
<< info depth 23 currmove d8d6 currmovenumber 29
<< info depth 23 currmove d8d7 currmovenumber 30
<< info depth 27 seldepth 33 multipv 1 score cp 3 nodes 2667822 nps 625661 hashfull 275 tbhits 0 time 4264 pv e7e6 g1f3 b7b6 f1d3 c8b7 e1g1 f8d6 b2b3 b8d7 c1b2 e8g8 d1e2 d5c4 b3c4 f8e8 f1d1 d8e7
<< info depth 28 currmove e7e6 currmovenumber 1
>> stop
>> position startpos moves d2d4 d7d5 e2e3 g8f6 b1d2
<< info depth 28 seldepth 33 multipv 1 score cp 3 nodes 3176880 nps 616271 hashfull 324 tbhits 0 time 5155 pv e7e6 g1f3 b7b6 f1d3 c8b7 e1g1 f8d6 b2b3 b8d7 c1b2 e8g8 d1e2 d5c4 b3c4 f8e8 f1d1 d8e7
<< bestmove e7e6 ponder g1f3
>> go wtime 174230 btime 151220 winc 2000 binc 2000
<< info string NNUE evaluation using nn-5af11540bbfe.nnue enabled
<< info depth 1 seldepth 1 multipv 1 score cp 3 nodes 35 nps 35000 hashfull 0 tbhits 0 time 1 pv c7c5
<< info depth 2 seldepth 2 multipv 1 score cp 3 nodes 69 nps 69000 hashfull 0 tbhits 0 time 1 pv c7c5
<< info depth 3 seldepth 4 multipv 1 score cp -1 nodes 233 nps 233000 hashfull 0 tbhits 0 time 1 pv e7e6 g1f3 c7c5 d4c5 f8c5
<< info depth 4 seldepth 5 multipv 1 score cp 8 nodes 301 nps 150500 hashfull 0 tbhits 0 time 2 pv c7c5 d4c5
<< info depth 5 seldepth 6 multipv 1 score cp 1 nodes 938 nps 469000 hashfull 0 tbhits 0 time 2 pv e7e6 g1f3 b7b6 b2b3 c8b7 c1b2
<< info depth 6 seldepth 7 multipv 1 score cp 1 nodes 1111 nps 555500 hashfull 0 tbhits 0 time 2 pv e7e6 g1f3 b7b6 b2b3 c8b7 c1b2
<< info depth 7 seldepth 8 multipv 1 score cp 0 nodes 1756 nps 585333 hashfull 0 tbhits 0 time 3 pv e7e6 g1f3 c7c5 f1e2 c5c4 e1g1 f8e7
<< info depth 8 seldepth 8 multipv 1 score cp 8 nodes 2466 nps 616500 hashfull 0 tbhits 0 time 4 pv e7e6 c2c4 c7c5 c4d5 e6d5
<< info depth 9 seldepth 11 multipv 1 score cp 1 nodes 9508 nps 731384 hashfull 1 tbhits 0 time 13 pv e7e6 g1f3 b7b6 b2b3 c8b7 c1b2
<< info depth 10 seldepth 10 multipv 1 score cp 0 nodes 13150 nps 692105 hashfull 2 tbhits 0 time 19 pv c8f5 c2c4 e7e6 g1f3 c7c6 f3h4 f5e4 h4f3 e4f3 d1f3
<< info depth 11 seldepth 11 multipv 1 score cp 0 nodes 15674 nps 712454 hashfull 2 tbhits 0 time 22 pv c8f5 c2c4 e7e6 g1f3 c7c6 f3h4 f5e4 h4f3 e4f5
<< info depth 12 seldepth 16 multipv 1 score cp 0 nodes 18734 nps 693851 hashfull 2 tbhits 0 time 27 pv c8f5 c2c4 e7e6 g1f3 c7c6 f3h4 f5e4 h4f3
<< info depth 13 seldepth 15 multipv 1 score cp 4 nodes 22935 nps 695000 hashfull 3 tbhits 0 time 33 pv c8f5 c2c4 c7c6 g1f3 e7e6 f3h4 f5e4 h4f3 a7a5 d2e4 d5e4
<< info depth 14 seldepth 14 multipv 1 score cp 8 nodes 31364 nps 681826 hashfull 4 tbhits 0 time 46 pv c8f5 c2c4 e7e6 g1f3 a7a5 f3h4 f5g4 h4f3 f8d6
<< info depth 15 seldepth 15 multipv 1 score cp 5 nodes 45313 nps 647328 hashfull 6 tbhits 0 time 70 pv c8f5 c2c4 e7e6 g1f3 c7c6 f3h4 f5g4 f1e2 g4e2 d1e2 f8b4
<< info depth 16 seldepth 16 multipv 1 score cp 6 nodes 70190 nps 632342 hashfull 9 tbhits 0 time 111 pv c8f5 c2c4 e7e6 g1f3 a7a5 f3h4 f5e4 h4f3 c7c5 a2a3 c5d4 e3d4
<< info depth 17 seldepth 22 multipv 1 score cp 8 nodes 122413 nps 621385 hashfull 14 tbhits 0 time 197 pv c8f5 g1f3 a7a5 f1e2 e7e6 f3h4 f5e4 h4f3 c7c5 d2e4 d5e4
<< info depth 18 seldepth 21 multipv 1 score cp 7 nodes 217795 nps 598337 hashfull 25 tbhits 0 time 364 pv c8f5 g1f3 a7a5 c2c4 e7e6 f3h4 f5e4 h4f3 c7c5 f1e2 f8e7 e1g1 e8g8 c4d5 e4d5 b2b3 c5d4 f3d4
<< info depth 19 seldepth 24 multipv 1 score cp 8 nodes 257844 nps 601034 hashfull 29 tbhits 0 time 429 pv c8f5 g1f3 a7a5 c2c4 e7e6 f3h4 f5e4 f1e2 c7c5 h4f3 f8e7 e1g1 a5a4 d4c5 e7c5 c4d5 e4d5 e2b5 d5c6 b5c6 b8c6
<< info depth 20 seldepth 24 multipv 1 score cp 8 nodes 353077 nps 594405 hashfull 38 tbhits 0 time 594 pv c8f5 g1f3 e7e6 c2c4 f8e7 d1b3 d8c8 f1d3 f5d3 b3d3 a7a5 e1g1 a5a4 e3e4 c7c6 e4d5 c6d5
<< info depth 21 seldepth 24 multipv 1 score cp 18 nodes 511987 nps 596026 hashfull 52 tbhits 0 time 859 pv c8f5 g1f3 e7e6 c2c4 f8e7 f3h4 f5e4 f1e2 c7c5 h4f3 b8c6 d4c5
<< info depth 22 seldepth 28 multipv 1 score cp 8 nodes 945715 nps 603519 hashfull 99 tbhits 0 time 1567 pv c8f5 g1f3 e7e6 c2c4 f8e7 f3e5 h7h6 f1d3 f5d3 e5d3 b8d7 e1g1 e8g8 b2b3 c7c5 c1b2 a8c8 a1c1 c5d4 b2d4
<< info depth 23 seldepth 29 multipv 1 score cp 10 nodes 1057102 nps 606136 hashfull 108 tbhits 0 time 1744 pv c8f5 g1f3 e7e6 c2c4 f8e7 f3e5 h7h6 f1d3 f5d3 e5d3 d5c4 d1a4 b8d7 d2c4 c7c6 a4b3 b7b6 c4e5 c6c5
<< info depth 24 seldepth 32 multipv 1 score cp 11 nodes 1407244 nps 606570 hashfull 149 tbhits 0 time 2320 pv c8f5 f1d3 f5d3 c2d3 e7e6 g1e2 c7c5 d2f3 c5d4 e2d4 b8d7 e1g1 e6e5 d4e2 f8d6 h2h3 e8g8 b2b3 f8e8 c1b2 h7h6
<< info depth 22 currmove e7e6 currmovenumber 2
<< info depth 22 currmove e7e5 currmovenumber 3
<< info depth 22 currmove c7c5 currmovenumber 4
<< info depth 22 currmove d8d7 currmovenumber 5
<< info depth 22 currmove c8g4 currmovenumber 6
<< info depth 22 currmove h7h6 currmovenumber 7
<< info depth 22 currmove c7c6 currmovenumber 8
<< info depth 22 currmove b8d7 currmovenumber 9
<< info depth 22 currmove b7b6 currmovenumber 10
<< info depth 22 currmove a7a5 currmovenumber 11
<< info depth 22 currmove f6e4 currmovenumber 12
<< info depth 22 currmove c8d7 currmovenumber 13
<< info depth 22 currmove b8c6 currmovenumber 14
<< info depth 22 currmove f6d7 currmovenumber 15
<< info depth 22 currmove c8h3 currmovenumber 16
<< info depth 22 currmove a7a6 currmovenumber 17
<< info depth 22 currmove g7g5 currmovenumber 18
<< info depth 22 currmove f6g4 currmovenumber 19
<< info depth 22 currmove g7g6 currmovenumber 20
<< info depth 22 currmove b7b5 currmovenumber 21
<< info depth 22 currmove h7h5 currmovenumber 22
<< info depth 22 currmove f6h5 currmovenumber 23
<< info depth 22 currmove f6g8 currmovenumber 24
<< info depth 22 currmove b8a6 currmovenumber 25
<< info depth 22 currmove c8e6 currmovenumber 26
<< info depth 22 currmove h8g8 currmovenumber 27
<< info depth 22 currmove d8d6 currmovenumber 28
<< info depth 22 currmove e8d7 currmovenumber 29
<< info depth 25 seldepth 33 multipv 1 score cp 6 nodes 1916638 nps 601203 hashfull 207 tbhits 0 time 3188 pv c8f5 f1d3 f5d3 c2d3 e7e6 g1e2 c7c5 d2f3 b8d7 d1a4 a7a6 d4c5 f8c5 c1d2 d8b6 b2b4 c5d6 h2h3
<< info depth 23 currmove c8f5 currmovenumber 1
<< info depth 23 currmove e7e6 currmovenumber 2
<< info depth 23 currmove c7c5 currmovenumber 3
<< info depth 23 currmove e7e5 currmovenumber 4
<< info depth 23 currmove c8d7 currmovenumber 5
<< info depth 23 currmove h7h6 currmovenumber 6
<< info depth 23 currmove b7b6 currmovenumber 7
<< info depth 23 currmove c8e6 currmovenumber 8
<< info depth 23 currmove c8g4 currmovenumber 9
<< info depth 23 currmove a7a6 currmovenumber 10
<< info depth 23 currmove c7c6 currmovenumber 11
<< info depth 23 currmove c8h3 currmovenumber 12
<< info depth 23 currmove b8a6 currmovenumber 13
<< info depth 23 currmove g7g6 currmovenumber 14
<< info depth 23 currmove a7a5 currmovenumber 15
<< info depth 23 currmove b7b5 currmovenumber 16
<< info depth 23 currmove g7g5 currmovenumber 17
<< info depth 23 currmove h7h5 currmovenumber 18
<< info depth 23 currmove f6e4 currmovenumber 19
<< info depth 23 currmove f6g4 currmovenumber 20
<< info depth 23 currmove f6h5 currmovenumber 21
<< info depth 23 currmove f6d7 currmovenumber 22
<< info depth 23 currmove f6g8 currmovenumber 23
<< info depth 23 currmove b8c6 currmovenumber 24
<< info depth 23 currmove b8d7 currmovenumber 25
<< info depth 23 currmove h8g8 currmovenumber 26
<< info depth 23 currmove d8d6 currmovenumber 27
<< info depth 23 currmove d8d7 currmovenumber 28
<< info depth 23 currmove e8d7 currmovenumber 29
<< info depth 26 seldepth 31 multipv 1 score cp 3 upperbound nodes 2058226 nps 601468 hashfull 218 tbhits 0 time 3422 pv c8f5 f1d3
<< info depth 23 currmove c8f5 currmovenumber 1
<< info depth 26 seldepth 31 multipv 1 score cp 6 lowerbound nodes 2206232 nps 600498 hashfull 231 tbhits 0 time 3674 pv c8f5
<< info depth 22 currmove c8f5 currmovenumber 1
<< info depth 21 currmove e7e6 currmovenumber 2
<< info depth 21 currmove c7c6 currmovenumber 3
<< info depth 21 currmove a7a5 currmovenumber 4
<< info depth 21 currmove c7c5 currmovenumber 5
<< info depth 21 currmove h7h6 currmovenumber 6
<< info depth 21 currmove b8d7 currmovenumber 7
<< info depth 21 currmove c8e6 currmovenumber 8
<< info depth 21 currmove e7e5 currmovenumber 9
<< info depth 21 currmove c8d7 currmovenumber 10
<< info depth 21 currmove f6d7 currmovenumber 11
<< info depth 21 currmove b7b6 currmovenumber 12
<< info depth 21 currmove h7h5 currmovenumber 13
<< info depth 21 currmove d8d7 currmovenumber 14
<< info depth 21 currmove a7a6 currmovenumber 15
<< info depth 21 currmove b8c6 currmovenumber 16
<< info depth 21 currmove c8g4 currmovenumber 17
<< info depth 21 currmove g7g6 currmovenumber 18
<< info depth 21 currmove b8a6 currmovenumber 19
<< info depth 21 currmove h8g8 currmovenumber 20
<< info depth 21 currmove b7b5 currmovenumber 21
<< info depth 21 currmove g7g5 currmovenumber 22
<< info depth 21 currmove d8d6 currmovenumber 23
<< info depth 21 currmove f6e4 currmovenumber 24
<< info depth 21 currmove f6g4 currmovenumber 25
<< info depth 21 currmove f6h5 currmovenumber 26
<< info depth 21 currmove f6g8 currmovenumber 27
<< info depth 21 currmove c8h3 currmovenumber 28
<< info depth 21 currmove e8d7 currmovenumber 29
<< info depth 26 seldepth 31 multipv 1 score cp 9 nodes 2226354 nps 601554 hashfull 233 tbhits 0 time 3701 pv c8f5 f1d3 f5d3 c2d3 e7e6 g1e2 c7c5 d2f3 d8b6 a2a4 a7a5 d4c5 f8c5 c1d2 b8c6 d2c3 c5b4 f3d4
<< bestmove c8f5 ponder f1d3
>> position startpos moves d2d4 d7d5 e2e3 g8f6 b1d2 c8f5 f1d3
>> go wtime 174230 btime 149520 winc 2000 binc 2000 ponder
<< info string NNUE evaluation using nn-5af11540bbfe.nnue enabled
<< info depth 1 seldepth 1 multipv 1 score cp 9 nodes 35 nps 35000 hashfull 0 tbhits 0 time 1 pv f5d3
<< info depth 2 seldepth 2 multipv 1 score cp 9 nodes 70 nps 70000 hashfull 0 tbhits 0 time 1 pv f5d3 c2d3
<< info depth 3 seldepth 3 multipv 1 score cp 9 nodes 107 nps 107000 hashfull 0 tbhits 0 time 1 pv f5d3 c2d3 e7e6
<< info depth 4 seldepth 4 multipv 1 score cp 9 nodes 147 nps 147000 hashfull 0 tbhits 0 time 1 pv f5d3 c2d3 e7e6 g1e2
<< info depth 5 seldepth 5 multipv 1 score cp 9 nodes 193 nps 193000 hashfull 0 tbhits 0 time 1 pv f5d3 c2d3 e7e6 g1e2 c7c5
<< info depth 6 seldepth 6 multipv 1 score cp 9 nodes 250 nps 250000 hashfull 0 tbhits 0 time 1 pv f5d3 c2d3 e7e6 g1e2 c7c5 d2f3
<< info depth 7 seldepth 8 multipv 1 score cp 9 nodes 321 nps 321000 hashfull 0 tbhits 0 time 1 pv f5d3 c2d3 e7e6 g1e2 c7c5 d2f3 d8b6 a2a4
<< info depth 8 seldepth 11 multipv 1 score cp 9 nodes 482 nps 482000 hashfull 0 tbhits 0 time 1 pv f5d3 c2d3 e7e6 g1e2 c7c5 d2f3 d8b6 a2a4 a7a5 d4c5 f8c5
<< info depth 9 seldepth 13 multipv 1 score cp 9 nodes 727 nps 363500 hashfull 0 tbhits 0 time 2 pv f5d3 c2d3 e7e6 g1e2 c7c5 d2f3 d8b6 a2a4 a7a5 d4c5 f8c5 c1d2 b8c6
<< info depth 10 seldepth 15 multipv 1 score cp 9 nodes 1006 nps 503000 hashfull 0 tbhits 0 time 2 pv f5d3 c2d3 e7e6 g1e2 c7c5 d2f3 d8b6 a2a4 a7a5 d4c5 f8c5 c1d2 b8c6 d2c3 c5b4
<< info depth 11 seldepth 17 multipv 1 score cp 9 nodes 1411 nps 705500 hashfull 0 tbhits 0 time 2 pv f5d3 c2d3 e7e6 g1e2 c7c5 d2f3 d8b6 a2a4 a7a5 d4c5 f8c5 c1d2 b8c6 d2c3 c5b4 f3d4
<< info depth 12 seldepth 18 multipv 1 score cp 4 nodes 4386 nps 731000 hashfull 0 tbhits 0 time 6 pv f5d3 c2d3 e7e6 g1e2 c7c5 d2f3 d8b6 a2a4 a7a5 d4c5 f8c5 c1d2 b8c6 d2c3 e8g8 c3f6 g7f6 e1g1
<< info depth 13 seldepth 20 multipv 1 score cp 4 nodes 7926 nps 720545 hashfull 0 tbhits 0 time 11 pv f5d3 c2d3 e7e6 g1e2 c7c5 d2f3 d8b6 a2a4 b6a6 e2c3 b7b6 e1g1 a6b7 a4a5 f8e7 a5b6 a7b6 a1a8
<< info depth 14 seldepth 18 multipv 1 score cp 6 nodes 9151 nps 762583 hashfull 0 tbhits 0 time 12 pv f5d3 c2d3 e7e6 g1e2 c7c5 d2f3 d8b6 a2a4 b6a6 b2b3 b8c6 e1g1
<< info depth 15 seldepth 21 multipv 1 score cp 5 nodes 18198 nps 649928 hashfull 1 tbhits 0 time 28 pv f5d3 c2d3 e7e6 g1e2 c7c5 d2f3 d8b6 a2a4 f8e7 d4c5 e7c5 c1d2 b8c6 d2c3 c5b4 e1g1 b4c3 b2c3 e8g8
<< info depth 16 seldepth 22 multipv 1 score cp 10 nodes 46665 nps 639246 hashfull 3 tbhits 0 time 73 pv f5d3 c2d3 e7e6 g1e2 c7c5 d2f3 d8b6 a2a4 b8c6 c1d2 f8e7 d2c3 c5d4 f3d4 e8g8 h2h3 a8c8 d4c6 b7c6
<< info depth 17 seldepth 19 multipv 1 score cp 10 nodes 50563 nps 656662 hashfull 3 tbhits 0 time 77 pv f5d3 c2d3 e7e6 g1e2 c7c5 d2f3 d8b6 a2a4 b8c6 c1d2 f8e7 d2c3 c5d4 f3d4 e8g8 h2h3 a8c8 d4c6 b7c6
<< info depth 18 seldepth 22 multipv 1 score cp 6 nodes 88098 nps 657447 hashfull 6 tbhits 0 time 134 pv f5d3 c2d3 e7e6 g1e2 c7c5 d2f3 d8b6 e1g1 c5d4 e2d4 b8d7 d1a4 f8e7 c1d2 e8g8 b2b4 f8c8 a1c1 e6e5 c1c8 a8c8
<< info depth 19 seldepth 22 multipv 1 score cp 4 nodes 110626 nps 654591 hashfull 8 tbhits 0 time 169 pv f5d3 c2d3 e7e6 g1e2 c7c5 d2f3 d8b6 e1g1 b6a6 b2b3 f8e7 d4c5 e7c5 c1b2 c5e7 e2d4 a6a5 a2a4 e8g8
<< info depth 20 seldepth 25 multipv 1 score cp 7 nodes 166852 nps 646713 hashfull 17 tbhits 0 time 258 pv f5d3 c2d3 e7e6 d2f3 c7c5 g1e2 d8b6 e1g1 f8e7 d4c5 e7c5 d1a4 b8c6 c1d2 e8g8 a1b1 f8c8 b2b4 c5d6
<< info depth 21 seldepth 28 multipv 1 score cp 8 nodes 222202 nps 633054 hashfull 23 tbhits 0 time 351 pv f5d3 c2d3 e7e6 d2f3 c7c5 g1e2 f8e7 d4c5 e7c5 c1d2 e8g8 d1b3 c5b6 d2c3 f8e8 e1g1 b8c6 e2d4 b6d4 f3d4 c6d4 c3d4 e6e5 d4c5 b7b6 c5a3 d5d4 e3e4
<< info depth 22 seldepth 30 multipv 1 score cp 2 nodes 420317 nps 640727 hashfull 46 tbhits 0 time 656 pv f5d3 c2d3 e7e6 d2f3 c7c5 g1e2 b8d7 d1a4 d8b6 c1d2 b6b2 e1g1 b2b6 f1c1 b6c6 a4c6 b7c6 d4c5 f8c5 d3d4
<< info depth 23 seldepth 23 multipv 1 score cp 0 nodes 543363 nps 631817 hashfull 59 tbhits 0 time 860 pv f5d3 c2d3 e7e6 d2f3 b8d7 g1e2 f8d6 e1g1 e8g8 h2h3 c7c5 d4c5 d7c5 b2b4 c5d7 a1b1 d7e5 f3e5 d6e5
<< info depth 24 seldepth 31 multipv 1 score cp 4 nodes 813096 nps 613194 hashfull 89 tbhits 0 time 1326 pv f5d3 c2d3 e7e6 d2f3 c7c5 g1e2 b7b6 e1g1 f8d6 b2b3 b8c6 c1b2 e8g8 a1c1 a8c8 f3e5 c6e7 e5f3 e7g6 d4c5 b6c5 d3d4 c5d4
<< info depth 25 seldepth 29 multipv 1 score cp 3 nodes 900342 nps 612894 hashfull 99 tbhits 0 time 1469 pv f5d3 c2d3 e7e6 d2f3 c7c5 g1e2 b7b6 e1g1 f8d6 b2b3 b8c6 c1b2 e8g8 a1c1 a8c8 f3e5 c6e7 e5f3 f8e8 d4c5 b6c5 b2f6 g7f6
<< info depth 26 seldepth 29 multipv 1 score cp 3 nodes 1085288 nps 608345 hashfull 116 tbhits 0 time 1784 pv f5d3 c2d3 e7e6 d2f3 c7c5 g1e2 b7b6 e1g1 f8d6 b2b3 b8c6 c1b2 e8g8 h2h3 a8c8 d4c5 b6c5 d3d4 f6e4 d4c5 d6c5 e2c3
>> stop
<< info depth 27 seldepth 29 multipv 1 score cp 3 nodes 1092position startpos moves d2d4 d7d5 e2e3 g8f6 b1d2 c8f5 g1f3
<< 790 nps 608457 hashfull 117 tbhits 0 time 1796 pv f5d3 c2d3 e7e6 d2f3 c7c5 g1e2 b7b6 e1g1 f8d6 b2b3 b8c6 c1b2 e8g8 h2h3 a8c8 d4c5 b6c5 d3d4 f6e4 d4c5 d6c5 e2c3
<< bestmove f5d3 ponder c2d3
>> go wtime 174430 btime 149520 winc 2000 binc 2000
<< info string NNUE evaluation using nn-5af11540bbfe.nnue enabled
<< info depth 1 seldepth 1 multipv 1 score cp 20 nodes 37 nps 37000 hashfull 0 tbhits 0 time 1 pv e7e6
<< info depth 2 seldepth 2 multipv 1 score cp 20 nodes 75 nps 75000 hashfull 0 tbhits 0 time 1 pv e7e6
<< info depth 3 seldepth 3 multipv 1 score cp 10 nodes 162 nps 162000 hashfull 0 tbhits 0 time 1 pv e7e6 c2c4 f8e7
<< info depth 4 seldepth 6 multipv 1 score cp 10 nodes 247 nps 247000 hashfull 0 tbhits 0 time 1 pv e7e6 c2c4 f8e7
<< info depth 5 seldepth 5 multipv 1 score cp 10 nodes 306 nps 306000 hashfull 0 tbhits 0 time 1 pv e7e6 c2c4 f8e7 f3e5 h7h6
<< info depth 6 seldepth 6 multipv 1 score cp 10 nodes 422 nps 422000 hashfull 0 tbhits 0 time 1 pv e7e6 c2c4 f8e7 f3e5 h7h6
<< info depth 7 seldepth 9 multipv 1 score cp 8 nodes 1052 nps 1052000 hashfull 0 tbhits 0 time 1 pv e7e6 c2c4 f8e7 f1e2 h7h6 d1b3 d8c8
<< info depth 8 seldepth 9 multipv 1 score cp 8 nodes 1292 nps 1292000 hashfull 0 tbhits 0 time 1 pv e7e6 c2c4 f8e7 f1e2 h7h6 d1b3 d8c8
<< info depth 9 seldepth 9 multipv 1 score cp 8 nodes 1623 nps 1623000 hashfull 0 tbhits 0 time 1 pv e7e6 c2c4 f8e7 f1e2 h7h6 d1b3 d8c8
<< info depth 10 seldepth 10 multipv 1 score cp 8 nodes 2808 nps 1404000 hashfull 0 tbhits 0 time 2 pv e7e6 c2c4 h7h6 d1b3 d8c8 f1d3 f5d3 b3d3 f8e7
<< info depth 11 seldepth 14 multipv 1 score cp 8 nodes 5302 nps 1060400 hashfull 1 tbhits 0 time 5 pv e7e6 c2c4 h7h6 d1b3 d8c8 f1d3 f5d3 b3d3 f8e7 b2b3 a7a5 d3e2
<< info depth 12 seldepth 13 multipv 1 score cp 13 nodes 7019 nps 1002714 hashfull 1 tbhits 0 time 7 pv e7e6 c2c4 f8e7 f3e5 h7h6 f1d3 f5d3 e5d3 d5c4 d1a4 b8d7 d2c4
<< info depth 13 seldepth 13 multipv 1 score cp 15 nodes 8008 nps 1001000 hashfull 1 tbhits 0 time 8 pv e7e6 c2c4 h7h6 d1b3 d8c8 f1d3 f8e7 e1g1 e8g8 d3f5 e6f5 b3c2 c8e6
<< info depth 14 seldepth 15 multipv 1 score cp 15 nodes 9415 nps 1046111 hashfull 1 tbhits 0 time 9 pv e7e6 c2c4 h7h6 d1b3 d8c8 f1d3 f8e7 e1g1 e8g8 d3f5 e6f5 b3c2 c8e6 b2b3 c7c6
<< info depth 15 seldepth 21 multipv 1 score cp 17 nodes 12795 nps 1066250 hashfull 1 tbhits 0 time 12 pv e7e6 c2c4 f8e7 f3e5 h7h6 f1d3 f5d3 e5d3 d5c4 d1a4 b8d7 a4c4 e8g8 e1g1 a7a5 c4b5 d8c8
<< info depth 16 seldepth 21 multipv 1 score cp 17 nodes 16338 nps 1021125 hashfull 1 tbhits 0 time 16 pv e7e6 c2c4 f8e7 f3e5 h7h6 f1d3 f5d3 e5d3 d5c4 d1a4 b8d7 a4c4 e8g8 e1g1 a7a5 b2b3 c7c5 d3c5 d7c5 d4c5 a8c8
<< info depth 17 seldepth 22 multipv 1 score cp 17 nodes 19891 nps 994550 hashfull 2 tbhits 0 time 20 pv e7e6 c2c4 f8e7 f3e5 h7h6 f1d3 f5d3 e5d3 d5c4 d1a4 b8d7 a4c4 e8g8 e1g1 a7a5 b2b3 c7c5 c1b2 c5d4 b2d4
<< info depth 18 seldepth 24 multipv 1 score cp 19 nodes 30027 nps 909909 hashfull 2 tbhits 0 time 33 pv e7e6 c2c4 f8e7 f3e5 h7h6 f1d3 f5d3 e5d3 d5c4 d1a4 b8d7 a4c4 e8g8 e1g1 c7c5 d4c5 a7a5 a2a4 a8c8 d2b3 b7b6 c5c6 d7b8
<< info depth 19 seldepth 29 multipv 1 score cp 20 nodes 56370 nps 782916 hashfull 5 tbhits 0 time 72 pv e7e6 c2c4 f8e7 f3e5 h7h6 f1d3 f5d3 e5d3 d5c4 d1a4 b8d7 a4c4 e8g8 e1g1 a7a5 b2b3 c7c5 d3c5 d7c5 d4c5 a8c8 b3b4 a5b4 c4b4 f6d7 b4b7 d7c5 b7b5
<< info depth 20 seldepth 29 multipv 1 score cp 16 nodes 101518 nps 725128 hashfull 9 tbhits 0 time 140 pv e7e6 c2c4 f8e7 f3e5 h7h6 f1d3 f5d3 e5d3 d5c4 d1a4 b8d7 a4c4 e8g8 e1g1 a7a5 b2b3 c7c5 d4c5 a8c8 c1a3 b7b6 a1c1 d7c5 a3c5
<< info depth 21 seldepth 30 multipv 1 score cp 14 nodes 202211 nps 676290 hashfull 20 tbhits 0 time 299 pv e7e6 c2c4 f8e7 f3e5 h7h6 f1d3 f5d3 e5d3 d5c4 d1a4 b8d7 a4c4 e8g8 e1g1 a7a5 b2b3 c7c5 d4c5 a8c8 c1a3 f6d5 a1c1 b7b6 c4d4 d7c5 a3c5 b6c5 d4e4 e7f6
<< info depth 22 seldepth 36 multipv 1 score cp 12 nodes 582946 nps 652795 hashfull 62 tbhits 0 time 893 pv e7e6 c2c4 f8e7 f3e5 h7h6 f1d3 f5d3 e5d3 d5c4 d1a4 b8d7 a4c4 e8g8 e1g1 c7c5 d4c5 a7a5 b2b3 a8c8 c1a3 d7c5 d3c5 e7c5 a3c5 d8d2 f1d1 d2b2 c4d4 b2d4 c5d4 c8c2
<< info depth 23 seldepth 34 multipv 1 score cp 12 nodes 636447 nps 654780 hashfull 66 tbhits 0 time 972 pv e7e6 c2c4 f8e7 f3e5 h7h6 f1d3 f5d3 e5d3 d5c4 d1a4 b8d7 a4c4 e8g8 e1g1 a7a5 b2b3 c7c5 d4c5 a8c8 c1a3 d7c5 d3c5 e7c5 a3c5 d8d2 f1d1 d2b2 c4d4 b2d4 c5d4 c8c2 d4f6 g7f6
<< info depth 24 seldepth 42 multipv 1 score cp 7 nodes 1864424 nps 629022 hashfull 192 tbhits 0 time 2964 pv e7e6 c2c4 f8e7 f3e5 h7h6 f1d3 f5d3 e5d3 d5c4 d1a4 b8d7 a4c4 e8g8 e1g1 c7c5 d4c5 a7a5 b2b3 a8c8 c1a3 d7c5 d3c5 e7c5 a3c5 d8d2 f1d1 d2b2 h2h3 c8c6 c5d4 c6c4 d4b2
<< info depth 25 seldepth 34 multipv 1 score cp 9 lowerbound nodes 2037026 nps 626777 hashfull 214 tbhits 0 time 3250 pv e7e6
<< info depth 23 currmove e7e6 currmovenumber 1
<< info depth 23 currmove c7c6 currmovenumber 2
<< info depth 23 currmove f5d7 currmovenumber 3
<< info depth 23 currmove c7c5 currmovenumber 4
<< info depth 23 currmove h7h6 currmovenumber 5
<< info depth 23 currmove f5c8 currmovenumber 6
<< info depth 23 currmove b7b5 currmovenumber 7
<< info depth 23 currmove f5d3 currmovenumber 8
<< info depth 23 currmove f5g6 currmovenumber 9
<< info depth 23 currmove a7a5 currmovenumber 10
<< info depth 23 currmove e7e5 currmovenumber 11
<< info depth 23 currmove b8c6 currmovenumber 12
<< info depth 23 currmove d8c8 currmovenumber 13
<< info depth 23 currmove b8d7 currmovenumber 14
<< info depth 23 currmove f5e6 currmovenumber 15
<< info depth 23 currmove a7a6 currmovenumber 16
<< info depth 23 currmove b7b6 currmovenumber 17
<< info depth 23 currmove g7g6 currmovenumber 18
<< info depth 23 currmove g7g5 currmovenumber 19
<< info depth 23 currmove h7h5 currmovenumber 20
<< info depth 23 currmove f6e4 currmovenumber 21
<< info depth 23 currmove f6g4 currmovenumber 22
<< info depth 23 currmove f6h5 currmovenumber 23
<< info depth 23 currmove f6d7 currmovenumber 24
<< info depth 23 currmove f6g8 currmovenumber 25
<< info depth 23 currmove b8a6 currmovenumber 26
<< info depth 23 currmove f5h3 currmovenumber 27
<< info depth 23 currmove f5e4 currmovenumber 28
<< info depth 23 currmove f5g4 currmovenumber 29
<< info depth 23 currmove h8g8 currmovenumber 30
<< info depth 23 currmove d8d6 currmovenumber 31
<< info depth 23 currmove d8d7 currmovenumber 32
<< info depth 23 currmove e8d7 currmovenumber 33
<< info depth 23 currmove f5c2 currmovenumber 34
<< info depth 25 seldepth 39 multipv 1 score cp 3 upperbound nodes 2091196 nps 627609 hashfull 219 tbhits 0 time 3332 pv e7e6 c2c4
<< info depth 24 currmove e7e6 currmovenumber 1
<< info depth 23 currmove c7c6 currmovenumber 2
<< info depth 23 currmove h7h6 currmovenumber 3
<< info depth 23 currmove a7a5 currmovenumber 4
<< info depth 23 currmove c7c5 currmovenumber 5
<< info depth 23 currmove f5g4 currmovenumber 6
<< info depth 23 currmove b8d7 currmovenumber 7
<< info depth 23 currmove f5e4 currmovenumber 8
<< info depth 23 currmove d8c8 currmovenumber 9
<< info depth 23 currmove g7g5 currmovenumber 10
<< info depth 23 currmove f5d7 currmovenumber 11
<< info depth 23 currmove b7b5 currmovenumber 12
<< info depth 23 currmove f5h3 currmovenumber 13
<< info depth 23 currmove e7e5 currmovenumber 14
<< info depth 23 currmove b7b6 currmovenumber 15
<< info depth 23 currmove f5e6 currmovenumber 16
<< info depth 23 currmove f5d3 currmovenumber 17
<< info depth 23 currmove a7a6 currmovenumber 18
<< info depth 23 currmove g7g6 currmovenumber 19
<< info depth 23 currmove h7h5 currmovenumber 20
<< info depth 23 currmove f6e4 currmovenumber 21
<< info depth 23 currmove f6g4 currmovenumber 22
<< info depth 23 currmove f6h5 currmovenumber 23
<< info depth 23 currmove f6d7 currmovenumber 24
<< info depth 23 currmove f6g8 currmovenumber 25
<< info depth 23 currmove b8a6 currmovenumber 26
<< info depth 23 currmove b8c6 currmovenumber 27
<< info depth 23 currmove f5g6 currmovenumber 28
<< info depth 23 currmove f5c8 currmovenumber 29
<< info depth 23 currmove h8g8 currmovenumber 30
<< info depth 23 currmove d8d6 currmovenumber 31
<< info depth 23 currmove d8d7 currmovenumber 32
<< info depth 23 currmove e8d7 currmovenumber 33
<< info depth 23 currmove f5c2 currmovenumber 34
<< info depth 25 seldepth 41 multipv 1 score cp 0 nodes 2568346 nps 626425 hashfull 263 tbhits 0 time 4100 pv e7e6 c2c4 c7c6 f3h4 f5e4 h4f3 e4f5
<< info depth 24 currmove e7e6 currmovenumber 1
<< info depth 23 currmove c7c5 currmovenumber 2
<< info depth 23 currmove c7c6 currmovenumber 3
<< info depth 23 currmove h7h6 currmovenumber 4
<< info depth 23 currmove f5g4 currmovenumber 5
<< info depth 23 currmove a7a5 currmovenumber 6
<< info depth 23 currmove f5e4 currmovenumber 7
<< info depth 23 currmove b8c6 currmovenumber 8
<< info depth 23 currmove b8d7 currmovenumber 9
<< info depth 23 currmove f5g6 currmovenumber 10
<< info depth 23 currmove e7e5 currmovenumber 11
<< info depth 23 currmove h7h5 currmovenumber 12
<< info depth 23 currmove f5c8 currmovenumber 13
<< info depth 23 currmove d8d7 currmovenumber 14
<< info depth 23 currmove f6e4 currmovenumber 15
<< info depth 23 currmove f6d7 currmovenumber 16
<< info depth 23 currmove f5d3 currmovenumber 17
<< info depth 23 currmove d8c8 currmovenumber 18
<< info depth 23 currmove f5e6 currmovenumber 19
<< info depth 23 currmove b7b5 currmovenumber 20
<< info depth 23 currmove a7a6 currmovenumber 21
<< info depth 23 currmove b7b6 currmovenumber 22
<< info depth 23 currmove g7g6 currmovenumber 23
<< info depth 23 currmove g7g5 currmovenumber 24
<< info depth 23 currmove f6g4 currmovenumber 25
<< info depth 23 currmove f6h5 currmovenumber 26
<< info depth 23 currmove f6g8 currmovenumber 27
<< info depth 23 currmove b8a6 currmovenumber 28
<< info depth 23 currmove f5h3 currmovenumber 29
<< info depth 23 currmove f5d7 currmovenumber 30
<< info depth 23 currmove h8g8 currmovenumber 31
<< info depth 23 currmove d8d6 currmovenumber 32
<< info depth 23 currmove e8d7 currmovenumber 33
<< info depth 23 currmove f5c2 currmovenumber 34
<< info depth 26 seldepth 7 multipv 1 score cp 0 nodes 2692088 nps 626504 hashfull 273 tbhits 0 time 4297 pv e7e6 c2c4 c7c6 f3h4 f5e4 h4f3
<< info depth 24 currmove e7e6 currmovenumber 1
<< info depth 23 currmove c7c6 currmovenumber 2
<< info depth 23 currmove h7h6 currmovenumber 3
<< info depth 23 currmove f5g4 currmovenumber 4
<< info depth 23 currmove h7h5 currmovenumber 5
<< info depth 23 currmove a7a5 currmovenumber 6
<< info depth 23 currmove f5e4 currmovenumber 7
<< info depth 23 currmove c7c5 currmovenumber 8
<< info depth 23 currmove f5e6 currmovenumber 9
<< info depth 23 currmove d8c8 currmovenumber 10
<< info depth 23 currmove d8d7 currmovenumber 11
<< info depth 23 currmove b8d7 currmovenumber 12
<< info depth 23 currmove d8d6 currmovenumber 13
<< info depth 23 currmove b7b5 currmovenumber 14
<< info depth 23 currmove f5g6 currmovenumber 15
<< info depth 23 currmove f6d7 currmovenumber 16
<< info depth 23 currmove b7b6 currmovenumber 17
<< info depth 23 currmove f5d7 currmovenumber 18
<< info depth 23 currmove e7e5 currmovenumber 19
<< info depth 23 currmove f6e4 currmovenumber 20
<< info depth 23 currmove f5d3 currmovenumber 21
<< info depth 23 currmove g7g5 currmovenumber 22
<< info depth 23 currmove f5h3 currmovenumber 23
<< info depth 23 currmove b8c6 currmovenumber 24
<< info depth 23 currmove f5c8 currmovenumber 25
<< info depth 23 currmove a7a6 currmovenumber 26
<< info depth 23 currmove g7g6 currmovenumber 27
<< info depth 23 currmove f6g4 currmovenumber 28
<< info depth 23 currmove f6h5 currmovenumber 29
<< info depth 23 currmove f6g8 currmovenumber 30
<< info depth 23 currmove b8a6 currmovenumber 31
<< info depth 23 currmove h8g8 currmovenumber 32
<< info depth 23 currmove e8d7 currmovenumber 33
<< info depth 23 currmove f5c2 currmovenumber 34
<< info depth 27 seldepth 28 multipv 1 score cp 0 nodes 2898740 nps 622447 hashfull 295 tbhits 0 time 4657 pv e7e6 c2c4 c7c6 f3h4 f5e4 h4f3
<< info depth 25 currmove e7e6 currmovenumber 1
<< info depth 24 currmove c7c6 currmovenumber 2
<< info depth 24 currmove a7a5 currmovenumber 3
<< info depth 24 currmove f5g4 currmovenumber 4
<< info depth 24 currmove c7c5 currmovenumber 5
<< info depth 24 currmove f5e4 currmovenumber 6
<< info depth 24 currmove h7h6 currmovenumber 7
<< info depth 24 currmove h7h5 currmovenumber 8
<< info depth 24 currmove d8c8 currmovenumber 9
<< info depth 24 currmove b7b6 currmovenumber 10
<< info depth 24 currmove f6d7 currmovenumber 11
<< info depth 24 currmove b8d7 currmovenumber 12
<< info depth 24 currmove f5e6 currmovenumber 13
<< info depth 24 currmove f6e4 currmovenumber 14
<< info depth 24 currmove f5d7 currmovenumber 15
<< info depth 24 currmove b8c6 currmovenumber 16
<< info depth 24 currmove b7b5 currmovenumber 17
<< info depth 24 currmove g7g5 currmovenumber 18
<< info depth 24 currmove f5d3 currmovenumber 19
<< info depth 24 currmove e7e5 currmovenumber 20
<< info depth 24 currmove d8d7 currmovenumber 21
<< info depth 24 currmove a7a6 currmovenumber 22
<< info depth 24 currmove g7g6 currmovenumber 23
<< info depth 24 currmove f6g4 currmovenumber 24
<< info depth 24 currmove f6h5 currmovenumber 25
<< info depth 24 currmove f6g8 currmovenumber 26
<< info depth 24 currmove b8a6 currmovenumber 27
<< info depth 24 currmove f5h3 currmovenumber 28
<< info depth 24 currmove f5g6 currmovenumber 29
<< info depth 24 currmove f5c8 currmovenumber 30
<< info depth 24 currmove h8g8 currmovenumber 31
<< info depth 24 currmove d8d6 currmovenumber 32
<< info depth 24 currmove e8d7 currmovenumber 33
<< info depth 24 currmove f5c2 currmovenumber 34
<< info depth 28 seldepth 8 multipv 1 score cp 0 nodes 2956929 nps 624088 hashfull 300 tbhits 0 time 4738 pv e7e6 c2c4 c7c6 f3h4 f5e4 h4f3 e4f5
<< bestmove e7e6 ponder c2c4
>> position startpos moves d2d4 d7d5 e2e3 g8f6 b1d2 c8f5 g1f3 e7e6 c2c4
>> go wtime 174430 btime 146783 winc 2000 binc 2000 ponder
<< info string NNUE evaluation using nn-5af11540bbfe.nnue enabled
<< info depth 1 seldepth 1 multipv 1 score cp 0 nodes 46 nps 46000 hashfull 0 tbhits 0 time 1 pv c7c6
<< info depth 2 seldepth 2 multipv 1 score cp 0 nodes 91 nps 91000 hashfull 0 tbhits 0 time 1 pv c7c6 f3h4
<< info depth 3 seldepth 4 multipv 1 score cp 0 nodes 145 nps 145000 hashfull 0 tbhits 0 time 1 pv c7c6 f3h4 f5e4 h4f3
<< info depth 4 seldepth 4 multipv 1 score cp 0 nodes 198 nps 198000 hashfull 0 tbhits 0 time 1 pv c7c6 f3h4 f5e4 h4f3
<< info depth 5 seldepth 5 multipv 1 score cp 0 nodes 253 nps 253000 hashfull 0 tbhits 0 time 1 pv c7c6 f3h4 f5e4 h4f3
<< info depth 6 seldepth 6 multipv 1 score cp 0 nodes 334 nps 334000 hashfull 0 tbhits 0 time 1 pv c7c6 f3h4 f5e4 h4f3 e4f3 d1f3
<< info depth 7 seldepth 6 multipv 1 score cp 0 nodes 396 nps 396000 hashfull 0 tbhits 0 time 1 pv c7c6 f3h4 f5e4 h4f3 e4f3 d1f3
<< info depth 8 seldepth 7 multipv 1 score cp 0 nodes 500 nps 500000 hashfull 0 tbhits 0 time 1 pv c7c6 f3h4 f5e4 h4f3
<< info depth 9 seldepth 7 multipv 1 score cp 0 nodes 632 nps 632000 hashfull 0 tbhits 0 time 1 pv c7c6 f3h4 f5e4 h4f3
<< info depth 10 seldepth 10 multipv 1 score cp 0 nodes 2478 nps 826000 hashfull 0 tbhits 0 time 3 pv b8d7 f3h4 f5e4 f1e2 c7c5 e1g1 f8e7 h4f3 e4g6
<< info depth 11 seldepth 11 multipv 1 score cp 0 nodes 2989 nps 996333 hashfull 0 tbhits 0 time 3 pv b8d7 f3h4 f5e4 f1e2 c7c5 e1g1 f8e7 h4f3 e4g6 b2b3 c5d4
<< info depth 12 seldepth 15 multipv 1 score cp 0 nodes 7642 nps 955250 hashfull 1 tbhits 0 time 8 pv a7a5 f3h4 f5e4 h4f3 b8d7 d2e4 d5e4 f3d2 c7c5 d4d5 e6d5 c4d5
<< info depth 13 seldepth 13 multipv 1 score cp 0 nodes 8188 nps 1023500 hashfull 1 tbhits 0 time 8 pv a7a5 f3h4 f5e4 h4f3
<< info depth 14 seldepth 13 multipv 1 score cp 0 nodes 18859 nps 898047 hashfull 1 tbhits 0 time 21 pv b8d7 f3h4 f5e4 f1e2 c7c5 h4f3 f8e7 e1g1 e4g6 b2b3 c5d4 e3d4 d8c7
<< info depth 15 seldepth 13 multipv 1 score cp 0 nodes 20617 nps 937136 hashfull 1 tbhits 0 time 22 pv b8d7 f3h4 f5e4 h4f3
<< info depth 16 seldepth 16 multipv 1 score cp 0 nodes 27499 nps 859343 hashfull 1 tbhits 0 time 32 pv b8d7 f3h4 f5e4 h4f3
<< info depth 17 seldepth 16 multipv 1 score cp 0 nodes 33759 nps 803785 hashfull 2 tbhits 0 time 42 pv b8d7 f3h4 f5e4 h4f3
<< info depth 18 seldepth 17 multipv 1 score cp 0 nodes 47463 nps 753380 hashfull 2 tbhits 0 time 63 pv b8d7 f3h4 f5e4 h4f3
<< info depth 19 seldepth 21 multipv 1 score cp 0 nodes 101591 nps 725650 hashfull 9 tbhits 0 time 140 pv b8d7 f3h4 f5e4 h4f3 e4g6 f1e2 a7a5 f3h4 g6e4 e1g1 f8e7 d2e4 d5e4 g2g3 c7c5 b2b3 h7h5 d4d5
<< info depth 20 seldepth 24 multipv 1 score cp 0 nodes 225838 nps 656505 hashfull 25 tbhits 0 time 344 pv a7a5 f3h4 f5e4 h4f3 f8e7 f1e2 e4f5 f3h4 f5e4
<< info depth 21 seldepth 10 multipv 1 score cp 0 nodes 260942 nps 652355 hashfull 28 tbhits 0 time 400 pv a7a5 f3h4 f5e4 h4f3 e4f5
<< info depth 22 seldepth 24 multipv 1 score cp 0 nodes 365510 nps 640122 hashfull 41 tbhits 0 time 571 pv a7a5 f3h4 f5e4 h4f3 e4f5
<< info depth 23 seldepth 41 multipv 1 score cp 0 nodes 487849 nps 648735 hashfull 55 tbhits 0 time 752 pv f8e7 f3e5 h7h6 f1d3 f5d3 e5d3 d5c4 d1a4 b8d7 a4c4 e8g8 e1g1 c7c5 d4c5 a7a5 b2b3 a8c8 c1a3 d7c5 d3c5 e7c5 a3c5 d8d2 f1d1 d2b2 a1c1 f8d8 d1d8 c8d8 c5d4 b2a2 c4c7 d8f8 c7b7 a2d2 b7c7 f6e4 c7c2 d2c2 c1c2
<< info depth 24 seldepth 42 multipv 1 score cp 7 nodes 583142 nps 650828 hashfull 66 tbhits 0 time 896 pv f8e7 f3e5 h7h6 f1d3 f5d3 e5d3 d5c4 d1a4 b8d7 a4c4 e8g8 e1g1 c7c5 d4c5 a7a5 b2b3 a8c8 c1a3 d7c5 d3c5 e7c5 a3c5 d8d2 f1d1 d2b2 a1c1 f8d8 d1d8 c8d8 c5d4 b2a2 c4c7 d8d5 c7b7 a2d2 b7c8 g8h7 c8c2 d2c2 c1c2
>> stop
>> position startpos moves d2d4 d7d5 e2e3 g8f6 b1d2 c8f5 g1f3 e7e6 f1e2
<< info depth 25 seldepth 41 multipv 1 score cp 6 lowerbound nodes 1008993 nps 638199 hashfull 116 tbhits 0 time 1581 pv f8e7
<< bestmove f8e7 ponder f3e5
>> go wtime 174850 btime 146780 winc 2000 binc 2000
<< info string NNUE evaluation using nn-5af11540bbfe.nnue enabled
<< info depth 1 seldepth 1 multipv 1 score cp 9 nodes 53 nps 26500 hashfull 0 tbhits 0 time 2 pv h7h6
<< info depth 2 seldepth 2 multipv 1 score cp 9 nodes 96 nps 48000 hashfull 0 tbhits 0 time 2 pv h7h6
<< info depth 3 seldepth 4 multipv 1 score cp 9 nodes 177 nps 88500 hashfull 0 tbhits 0 time 2 pv b8d7 c2c4 h7h6
<< info depth 4 seldepth 5 multipv 1 score cp 9 nodes 265 nps 132500 hashfull 0 tbhits 0 time 2 pv b8d7 c2c4 h7h6
<< info depth 5 seldepth 6 multipv 1 score cp 14 nodes 417 nps 208500 hashfull 0 tbhits 0 time 2 pv b8d7 c2c4
<< info depth 6 seldepth 6 multipv 1 score cp 15 nodes 813 nps 406500 hashfull 0 tbhits 0 time 2 pv b8d7 f3h4
<< info depth 7 seldepth 5 multipv 1 score cp 14 nodes 1117 nps 558500 hashfull 0 tbhits 0 time 2 pv h7h6 c2c4 a7a5 c4d5 e6d5
<< info depth 8 seldepth 8 multipv 1 score cp 15 nodes 1730 nps 576666 hashfull 0 tbhits 0 time 3 pv b8d7 f3h4 f5e4
<< info depth 9 seldepth 9 multipv 1 score cp 14 nodes 2506 nps 835333 hashfull 0 tbhits 0 time 3 pv h7h6 c2c4 a7a5 e1g1 c7c6 f3e5 b8d7
<< info depth 10 seldepth 10 multipv 1 score cp 24 nodes 3958 nps 989500 hashfull 0 tbhits 0 time 4 pv h7h6 c2c4 a7a5 d1b3 d8c8 c4d5 e6d5
<< info depth 11 seldepth 11 multipv 1 score cp 25 nodes 7435 nps 1062142 hashfull 0 tbhits 0 time 7 pv h7h6 e1g1 a7a5 f3e5 c7c6 e2d3
<< info depth 12 seldepth 14 multipv 1 score cp 28 nodes 13585 nps 905666 hashfull 0 tbhits 0 time 15 pv h7h6 b2b3 c7c6 e2d3 f5d3 c2d3 a7a5 c1b2
<< info depth 13 seldepth 18 multipv 1 score cp 21 nodes 38280 nps 696000 hashfull 2 tbhits 0 time 55 pv h7h6 b2b3 b8d7 e1g1 c7c6 c1b2 f8d6 c2c4 d8e7 f3e5 f6e4 d2e4
<< info depth 14 seldepth 15 multipv 1 score cp 21 nodes 47984 nps 685485 hashfull 3 tbhits 0 time 70 pv h7h6 b2b3 b8d7 e1g1 c7c6 c1b2 f8d6 c2c4 d8e7 f3e5 f5h7
<< info depth 15 seldepth 20 multipv 1 score cp 22 nodes 72403 nps 664247 hashfull 6 tbhits 0 time 109 pv h7h6 e1g1 a7a5 b2b3 c7c6 f3e5 b8d7 e2d3 f8d6 d3f5 e6f5 e5d7 d8d7
<< info depth 16 seldepth 17 multipv 1 score cp 25 nodes 93654 nps 664212 hashfull 7 tbhits 0 time 141 pv h7h6 e1g1 c7c6 b2b3 a7a5 f3e5 b8d7 e2d3 f8d6 d3f5 e6f5
<< info depth 17 seldepth 16 multipv 1 score cp 24 nodes 104036 nps 666897 hashfull 9 tbhits 0 time 156 pv h7h6 e1g1 c7c6 b2b3 a7a5 c1b2 b8d7 a2a3 f8d6 c2c4 h6h5 c4c5
<< info depth 18 seldepth 19 multipv 1 score cp 26 nodes 131207 nps 662661 hashfull 11 tbhits 0 time 198 pv h7h6 e1g1 c7c6 b2b3 a7a5 c1b2 b8d7 c2c4 f8e7 a2a3 e8g8 c4c5 b7b6 b3b4 d8c7 h2h3 c7b7 b2c3
<< info depth 19 seldepth 20 multipv 1 score cp 22 nodes 197831 nps 650759 hashfull 17 tbhits 0 time 304 pv h7h6 e1g1 c7c6 b2b3 a7a5 c2c4 b8d7 c1b2 f8d6 a2a3 h6h5 c4c5 d6c7 b3b4 f6e4 d2e4 d5e4 f3e5
<< info depth 20 seldepth 22 multipv 1 score cp 22 nodes 285141 nps 657006 hashfull 26 tbhits 0 time 434 pv h7h6 e1g1 c7c6 c2c4 a7a5 b2b3 b8d7 c1b2 f8d6 a2a3 f6e4 d2e4 d5e4 f3e5 d7e5 d4e5 d6c7
<< info depth 21 seldepth 22 multipv 1 score cp 16 nodes 398218 nps 669273 hashfull 38 tbhits 0 time 595 pv h7h6 e1g1 c7c6 c2c4 a7a5 b2b3 b8d7 c1b2 f8d6 a2a3 f6e4 c4c5 d6c7 b3b4 a5b4 a3b4 a8a1 d1a1 f5g4
<< info depth 22 seldepth 23 multipv 1 score cp 15 nodes 429601 nps 673355 hashfull 41 tbhits 0 time 638 pv h7h6 e1g1 c7c6 c2c4 a7a5 b2b3 b8d7 c1b2 f8d6 f3e5 e8g8 a1c1 d8e7 d2f3 d6c7 e5d7 e7d7 f3e5
<< info depth 23 seldepth 27 multipv 1 score cp 12 nodes 1260638 nps 630949 hashfull 128 tbhits 0 time 1998 pv h7h6 c2c4 c7c6 a2a3 f8e7 e1g1 e8g8 b2b3 b8d7 c1b2 e7d6 c4c5 d6c7 b3b4 f6e4 a3a4 a7a6 b4b5 a6b5 a4b5 a8a1 d1a1
<< info depth 24 seldepth 26 multipv 1 score cp 10 nodes 1456347 nps 626116 hashfull 148 tbhits 0 time 2326 pv h7h6 c2c4 b8d7 d1b3 d8b8 f3e5 c7c6 e5d7 f6d7 e2d3 f5d3 b3d3 f8e7 b2b3 d7f6 a2a4 e7b4
<< info depth 25 seldepth 27 multipv 1 score cp 9 nodes 1733358 nps 627573 hashfull 178 tbhits 0 time 2762 pv h7h6 c2c4 b8d7 d1b3 d8b8 c4d5 e6d5 f3h4 f5h7 e2d3 h7d3 b3d3 c7c6 e1g1 f8d6 e3e4 d5e4 d2e4 d6h2 g1h1 h2c7 e4f6 d7f6
<< bestmove h7h6 ponder c2c4
>> position startpos moves d2d4 d7d5 e2e3 g8f6 b1d2 c8f5 g1f3 e7e6 f1e2 h7h6 c2c4
>> go wtime 174850 btime 146019 winc 2000 binc 2000 ponder
<< info string NNUE evaluation using nn-5af11540bbfe.nnue enabled
<< info depth 1 seldepth 1 multipv 1 score cp 9 nodes 72 nps 72000 hashfull 0 tbhits 0 time 1 pv b8d7
<< info depth 2 seldepth 2 multipv 1 score cp 9 nodes 120 nps 120000 hashfull 0 tbhits 0 time 1 pv b8d7 d1b3
<< info depth 3 seldepth 4 multipv 1 score cp 9 nodes 175 nps 175000 hashfull 0 tbhits 0 time 1 pv b8d7 d1b3 d8b8 c4d5
<< info depth 4 seldepth 4 multipv 1 score cp 9 nodes 231 nps 231000 hashfull 0 tbhits 0 time 1 pv b8d7 d1b3 d8b8 c4d5
<< info depth 5 seldepth 5 multipv 1 score cp 9 nodes 297 nps 297000 hashfull 0 tbhits 0 time 1 pv b8d7 d1b3 d8b8 c4d5 e6d5
<< info depth 6 seldepth 6 multipv 1 score cp 9 nodes 370 nps 370000 hashfull 0 tbhits 0 time 1 pv b8d7 d1b3 d8b8 c4d5 e6d5 f3h4
<< info depth 7 seldepth 6 multipv 1 score cp 9 nodes 449 nps 449000 hashfull 0 tbhits 0 time 1 pv b8d7 d1b3 d8b8 c4d5 e6d5 f3h4
<< info depth 8 seldepth 7 multipv 1 score cp 9 nodes 560 nps 560000 hashfull 0 tbhits 0 time 1 pv b8d7 d1b3 d8b8 c4d5 e6d5 f3h4 f5h7
<< info depth 9 seldepth 8 multipv 1 score cp 9 nodes 681 nps 681000 hashfull 0 tbhits 0 time 1 pv b8d7 d1b3 d8b8 c4d5 e6d5 f3h4 f5h7 e2d3
<< info depth 10 seldepth 10 multipv 1 score cp 9 nodes 912 nps 912000 hashfull 0 tbhits 0 time 1 pv b8d7 d1b3 d8b8 c4d5 e6d5 f3h4 f5h7 e2d3 h7d3 b3d3
<< info depth 11 seldepth 12 multipv 1 score cp 8 nodes 1449 nps 1449000 hashfull 0 tbhits 0 time 1 pv b8d7 d1b3 d8b8 c4d5 e6d5 f3h4 f5h7 e2d3 h7d3 b3d3 c7c6 e1g1
<< info depth 12 seldepth 14 multipv 1 score cp 8 nodes 2710 nps 1355000 hashfull 0 tbhits 0 time 2 pv b8d7 d1b3 d8c8 e2d3 c7c6 b3c2 f5d3 c2d3 c6c5 e1g1 f8e7 c4d5 f6d5 b2b3
<< info depth 13 seldepth 15 multipv 1 score cp 8 nodes 3510 nps 1170000 hashfull 0 tbhits 0 time 3 pv b8d7 d1b3 d8c8 e2d3 c7c6 b3c2 f5d3 c2d3 c6c5 e1g1 f8e7 c4d5 f6d5 b2b3 c5d4
<< info depth 14 seldepth 17 multipv 1 score cp 10 nodes 7530 nps 1075714 hashfull 0 tbhits 0 time 7 pv c7c6 a2a3 f8e7 e1g1 b8d7 b2b3 e7d6 b3b4 f6e4 c1b2 h6h5 c4c5 d6c7 b4b5 d7f6
<< info depth 15 seldepth 16 multipv 1 score cp 10 nodes 9267 nps 1029666 hashfull 0 tbhits 0 time 9 pv c7c6 a2a3 f8e7 e1g1 b8d7 b2b3 e7d6 b3b4 f6e4 c1b2 h6h5 c4c5 d6c7 b4b5 d7f6
<< info depth 16 seldepth 19 multipv 1 score cp 10 nodes 11249 nps 1022636 hashfull 0 tbhits 0 time 11 pv c7c6 a2a3 f8e7 e1g1 b8d7 b2b3 e7d6 b3b4 f6e4 c1b2 h6h5 b4b5 c6b5 c4c5 d6c7 e2b5 a7a6 b5e2
<< info depth 17 seldepth 19 multipv 1 score cp 10 nodes 14962 nps 935125 hashfull 1 tbhits 0 time 16 pv c7c6 a2a3 f8e7 e1g1 b8d7 b2b3 e7d6 b3b4 f6e4 c1b2 h6h5 b4b5 c6b5 c4c5 d6c7 e2b5 a7a6 b5e2
<< info depth 18 seldepth 25 multipv 1 score cp 13 nodes 42906 nps 780109 hashfull 5 tbhits 0 time 55 pv c7c6 a2a3 b8d7 b2b4 f8d6 c1b2 h6h5 d1b3 f6e4 d2e4 f5e4 e1g1
<< info depth 19 seldepth 24 multipv 1 score cp 7 nodes 135639 nps 688522 hashfull 18 tbhits 0 time 197 pv c7c6 a2a3 a7a5 b2b3 b8d7 c1b2 f8e7 e1g1 e8g8 b2c3 e7d6 c4c5 d6c7 b3b4 f6e4 d2e4 d5e4 f3e5 d7e5 d4e5 d8b8 b4a5 c7e5
<< info depth 20 seldepth 26 multipv 1 score cp 7 nodes 240594 nps 668316 hashfull 32 tbhits 0 time 360 pv c7c6 a2a3 b8d7 b2b4 a7a5 b4b5 c6c5 a3a4 c5d4 f3d4 f8b4 d4f5 e6f5 e1g1 e8g8 c1b2
<< info depth 21 seldepth 27 multipv 1 score cp 9 nodes 332158 nps 660353 hashfull 42 tbhits 0 time 503 pv c7c6 a2a3 b8d7 b2b4 a7a5 b4b5 c6c5 c4d5 e6d5 d4c5 f8c5 a3a4 a8c8 e1g1 c5b4 f3d4 f5h7 c1a3 d8e7 d1b3 b4a3
<< info depth 22 seldepth 28 multipv 1 score cp 18 nodes 570194 nps 656905 hashfull 63 tbhits 0 time 868 pv c7c6 a2a3 b8d7 e1g1 a7a5 b2b3 f8d6 c1b2 h6h5 b3b4 a5b4 a3b4 a8a1 d1a1 d6b4 b2a3 b4a3 a1a3 f5g4 c4d5
<< info depth 23 seldepth 31 multipv 1 score cp 9 nodes 1222395 nps 641677 hashfull 132 tbhits 0 time 1905 pv c7c6 a2a3 b8d7 e1g1 a7a5 b2b3 f8d6 c1b2 h6h5 b3b4 g7g5 b4a5 g5g4 f3e5 d8a5 c4d5 e6d5 f2f3 a5a4 e5d7 f5d7 d1c1
<< info depth 24 seldepth 26 multipv 1 score cp 8 nodes 1243657 nps 643381 hashfull 134 tbhits 0 time 1933 pv c7c6 a2a3 b8d7 e1g1 a7a5 b2b3 f8d6 c1b2 h6h5 b3b4 g7g5 b4a5 g5g4 f3e5 d8a5 c4d5 e6d5 f2f3 a5c7 f3g4 f5g4 h2h3 g4e6 e2d3 d7e5 d4e5
<< info depth 25 seldepth 33 multipv 1 score cp 9 nodes 1475292 nps 643108 hashfull 159 tbhits 0 time 2294 pv c7c6 a2a3 b8d7 e1g1 a7a5 b2b3 f8d6 c1b2 f6e4 c4c5 d6c7 b3b4 h6h5 b4b5 a5a4 a1c1 d7f6 d2e4 f6e4 b5b6 c7b8 e2d3 d8f6 f3e5 f6g5
<< info depth 26 seldepth 36 multipv 1 score cp 13 nodes 1757748 nps 645518 hashfull 184 tbhits 0 time 2723 pv c7c6 a2a3 b8d7 e1g1 a7a5 b2b3 f8d6 c1b2 f6e4 c4c5 e4d2 f3d2 d6b8 b3b4 d8f6 b4b5 a5a4 a1a2 f6g6 d2f3 f5c2 d1c1 c2e4 f3h4 g6f6
>> stop
>> position startpos moves d2d4 d7d5 e2e3 g8f6 b1d2 c8f5 g1f3 e7e6 f1e2 h7h6 e1g1
<< info depth 27 seldepth 36 multipv 1 score cp 13 nodes 2215192 nps 637465 hashfull 231 tbhits 0 time 3475 pv c7c6 a2a3 b8d7 e1g1 a7a5 b2b3 f8d6 c1b2 f6e4 c4c5 e4d2 f3d2 d6b8 b3b4 d8f6 b4b5 a5a4 a1a2 f6g6 d2f3 f5c2 d1c1 c2e4 f3h4 g6f6
<< besgo wtime 173380 btime 146020 winc 2000 binc 2000
<< tmove c7c6 ponder a2a3
<< info string NNUE evaluation using nn-5af11540bbfe.nnue enabled
<< info depth 1 seldepth 1 multipv 1 score cp 18 nodes 44 nps 44000 hashfull 0 tbhits 0 time 1 pv c7c6
<< info depth 2 seldepth 2 multipv 1 score cp 14 nodes 132 nps 132000 hashfull 0 tbhits 0 time 1 pv c7c6 c2c4
<< info depth 3 seldepth 4 multipv 1 score cp 16 nodes 198 nps 198000 hashfull 0 tbhits 0 time 1 pv a7a5 c2c4 c7c6 a2a3
<< info depth 4 seldepth 5 multipv 1 score cp 13 nodes 280 nps 280000 hashfull 0 tbhits 0 time 1 pv a7a5 c2c4 c7c6 c4d5 e6d5
<< info depth 5 seldepth 6 multipv 1 score cp 13 nodes 427 nps 427000 hashfull 0 tbhits 0 time 1 pv a7a5 c2c4 c7c6 c4d5 e6d5
<< info depth 6 seldepth 7 multipv 1 score cp 18 nodes 651 nps 651000 hashfull 0 tbhits 0 time 1 pv a7a5 c2c4 c7c6 b2b3 b8d7 c1b2
<< info depth 7 seldepth 8 multipv 1 score cp 18 nodes 957 nps 957000 hashfull 0 tbhits 0 time 1 pv c7c6 c2c4 a7a5 d1b3 d8c7
<< info depth 8 seldepth 8 multipv 1 score cp 17 nodes 1255 nps 1255000 hashfull 0 tbhits 0 time 1 pv a7a5 c2c4 f8d6 d1b3 b7b6 b3a4 b8d7
<< info depth 9 seldepth 8 multipv 1 score cp 17 nodes 1411 nps 1411000 hashfull 0 tbhits 0 time 1 pv a7a5 c2c4 f8d6 d1b3 b7b6 b3a4 b8d7
<< info depth 10 seldepth 9 multipv 1 score cp 17 nodes 2864 nps 1432000 hashfull 0 tbhits 0 time 2 pv a7a5 c2c4 f8d6 d1b3 b7b6 b3a4 b8d7
<< info depth 11 seldepth 13 multipv 1 score cp 15 nodes 4687 nps 1171750 hashfull 0 tbhits 0 time 4 pv a7a5 c2c4 f8d6 b2b3 c7c6 c1b2 b8d7 a2a3 f6e4 d2e4 d5e4
<< info depth 12 seldepth 15 multipv 1 score cp 15 nodes 5847 nps 1169400 hashfull 0 tbhits 0 time 5 pv a7a5 c2c4 f8d6 b2b3 c7c6 c1b2 b8d7 a2a3 f6e4 d2e4 d5e4 f3e5 d8g5 g1h1 d7f6
<< info depth 13 seldepth 17 multipv 1 score cp 15 nodes 7750 nps 1107142 hashfull 0 tbhits 0 time 7 pv a7a5 c2c4 f8d6 b2b3 c7c6 c1b2 b8d7 a2a3 f6e4 d2e4 d5e4 f3e5 d8g5 g1h1 d7f6 b3b4 h6h5
<< info depth 14 seldepth 18 multipv 1 score cp 15 nodes 14633 nps 812944 hashfull 0 tbhits 0 time 18 pv a7a5 c2c4 f8d6 b2b3 c7c6 c1b2 b8d7 a2a3 f6e4 d2e4 d5e4 f3e5 d8g5 g1h1 d7f6 b3b4 h6h5
<< info depth 15 seldepth 24 multipv 1 score cp 13 nodes 25870 nps 834516 hashfull 2 tbhits 0 time 31 pv a7a5 c2c4 c7c6 b2b3 f8d6 c1b2 b8d7 a2a3 f6e4 c4c5 e4d2 f3d2 d6b8 b3b4 d8f6 b4b5 a5a4 a1a2 f6g6 d2f3 f5c2
<< info depth 16 seldepth 20 multipv 1 score cp 13 nodes 28573 nps 840382 hashfull 2 tbhits 0 time 34 pv a7a5 c2c4 c7c6 b2b3 f8d6 c1b2 b8d7 a2a3 f6e4 c4c5 e4d2 f3d2 d6b8 b3b4 d8f6 b4b5 a5a4 a1a2 f6g6 d2f3
<< info depth 17 seldepth 22 multipv 1 score cp 13 nodes 32976 nps 845538 hashfull 2 tbhits 0 time 39 pv a7a5 c2c4 c7c6 b2b3 f8d6 c1b2 b8d7 a2a3 f6e4 c4c5 e4d2 f3d2 d6b8 b3b4 d8f6 b4b5 a5a4 a1a2 f6g6 d2f3 f5c2 d1c1
<< info depth 18 seldepth 23 multipv 1 score cp 13 nodes 35736 nps 871609 hashfull 2 tbhits 0 time 41 pv a7a5 c2c4 c7c6 b2b3 f8d6 c1b2 b8d7 a2a3 f6e4 c4c5 e4d2 f3d2 d6b8 b3b4 d8f6 b4b5 a5a4 a1a2 f6g6 d2f3 f5c2 d1c1 c2e4
<< info depth 19 seldepth 23 multipv 1 score cp 13 nodes 40152 nps 872869 hashfull 2 tbhits 0 time 46 pv a7a5 c2c4 c7c6 b2b3 f8d6 c1b2 b8d7 a2a3 f6e4 c4c5 e4d2 f3d2 d6b8 b3b4 d8f6 b4b5 a5a4 a1a2 f6g6 d2f3 f5c2 d1c1 c2e4
<< info depth 20 seldepth 26 multipv 1 score cp 13 nodes 46652 nps 863925 hashfull 2 tbhits 0 time 54 pv a7a5 c2c4 c7c6 b2b3 f8d6 c1b2 b8d7 a2a3 f6e4 c4c5 e4d2 f3d2 d6b8 b3b4 d8f6 b4b5 a5a4 a1a2 f6g6 d2f3 f5c2 d1c1 c2e4 f3h4 g6f6 h4f3
<< info depth 21 seldepth 28 multipv 1 score cp 13 nodes 64113 nps 843592 hashfull 4 tbhits 0 time 76 pv a7a5 c2c4 c7c6 b2b3 f8d6 c1b2 b8d7 a2a3 f6e4 c4c5 e4d2 f3d2 d6b8 b3b4 d8f6 b4b5 a5a4 a1a2 f6g6 d2f3 f5c2 d1c1 c2e4 f3h4 g6f6 h4f3
<< info depth 22 seldepth 27 multipv 1 score cp 8 nodes 197312 nps 753099 hashfull 22 tbhits 0 time 262 pv a7a5 c2c4 c7c6 b2b3 f8d6 c1b2 b8d7 a2a3 f6e4 c4c5 e4d2 f3d2 d6b8 b3b4 d7f6 b4b5 h6h5 d2f3 a5a4 f3e5 f6g4 h2h3 g4e5 d4e5 d8g5 f2f4
<< info depth 23 seldepth 37 multipv 1 score cp 12 nodes 777777 nps 698184 hashfull 84 tbhits 0 time 1114 pv c7c6 c2c4 b8d7 d1b3 d8b6 c4c5 b6c7 b3c3 a7a5 a2a3 f8e7 b2b4 b7b6 c1b2 e8g8 c3c1 c7b8 b2c3 b8b7 c5b6 a5b4 c3b4 e7b4 a3b4
<< info depth 24 seldepth 33 multipv 1 score cp 11 nodes 864228 nps 696396 hashfull 93 tbhits 0 time 1241 pv c7c6 c2c4 b8d7 d1b3 d8b6 c4c5 b6c7 b3c3 a7a5 a2a3 f8e7 b2b4 b7b6 c1b2 e8g8 c3c1 f8b8 b2c3 b6c5 b4c5 b8b7
<< info depth 25 seldepth 34 multipv 1 score cp 7 nodes 1848218 nps 660785 hashfull 204 tbhits 0 time 2797 pv c7c6 c2c4 b8d7 a2a3 a7a5 b2b3 f6e4 c1b2 f8d6 c4c5 e4d2 f3d2 d6b8 b3b4 h6h5 b4b5 d7f6 d2f3 f6e4 d1a4 e8g8 b5c6 b7c6 a4c6 b8c7 a3a4 g7g5 e2b5 g5g4 f3e5 g8g7
<< info depth 26 currmove a7a5 currmovenumber 2
<< info depth 26 currmove f5d3 currmovenumber 3
<< info depth 26 currmove f5h7 currmovenumber 4
<< info depth 26 currmove b7b5 currmovenumber 5
<< info depth 26 currmove f8e7 currmovenumber 6
<< info depth 26 currmove b8d7 currmovenumber 7
<< info depth 26 currmove d8c8 currmovenumber 8
<< info depth 26 currmove f8d6 currmovenumber 9
<< info depth 26 currmove f8b4 currmovenumber 10
<< info depth 26 currmove b7b6 currmovenumber 11
<< info depth 26 currmove a7a6 currmovenumber 12
<< info depth 26 currmove e6e5 currmovenumber 13
<< info depth 26 currmove h6h5 currmovenumber 14
<< info depth 26 currmove g7g6 currmovenumber 15
<< info depth 26 currmove c7c5 currmovenumber 16
<< info depth 26 currmove g7g5 currmovenumber 17
<< info depth 26 currmove f6e4 currmovenumber 18
<< info depth 26 currmove f6g4 currmovenumber 19
<< info depth 26 currmove f6h5 currmovenumber 20
<< info depth 26 currmove f6d7 currmovenumber 21
<< info depth 26 currmove f6h7 currmovenumber 22
<< info depth 26 currmove f6g8 currmovenumber 23
<< info depth 26 currmove b8a6 currmovenumber 24
<< info depth 26 currmove b8c6 currmovenumber 25
<< info depth 26 currmove f5h3 currmovenumber 26
<< info depth 26 currmove f5e4 currmovenumber 27
<< info depth 26 currmove f5g4 currmovenumber 28
<< info depth 26 currmove f5g6 currmovenumber 29
<< info depth 26 currmove f8a3 currmovenumber 30
<< info depth 26 currmove f8c5 currmovenumber 31
<< info depth 26 currmove h8h7 currmovenumber 32
<< info depth 26 currmove h8g8 currmovenumber 33
<< info depth 26 currmove d8d6 currmovenumber 34
<< info depth 26 currmove d8d7 currmovenumber 35
<< info depth 26 currmove d8e7 currmovenumber 36
<< info depth 26 currmove e8d7 currmovenumber 37
<< info depth 26 currmove e8e7 currmovenumber 38
<< info depth 26 currmove f5c2 currmovenumber 39
<< info depth 26 seldepth 36 multipv 1 score cp 5 upperbound nodes 2203852 nps 658455 hashfull 245 tbhits 0 time 3347 pv c7c6 c2c4
<< info depth 26 currmove c7c6 currmovenumber 1
<< info depth 26 seldepth 39 multipv 1 score cp 8 lowerbound nodes 2882026 nps 653817 hashfull 308 tbhits 0 time 4408 pv c7c6
<< info depth 25 currmove c7c6 currmovenumber 1
<< info depth 26 seldepth 39 multipv 1 score cp 12 lowerbound nodes 2919898 nps 654832 hashfull 310 tbhits 0 time 4459 pv c7c6
<< info depth 24 currmove c7c6 currmovenumber 1
<< info depth 23 currmove a7a5 currmovenumber 2
<< info depth 23 currmove b8d7 currmovenumber 3
<< info depth 23 currmove f8d6 currmovenumber 4
<< info depth 23 currmove f5h7 currmovenumber 5
<< info depth 23 currmove b8c6 currmovenumber 6
<< info depth 23 currmove c7c5 currmovenumber 7
<< info depth 23 currmove f8e7 currmovenumber 8
<< info depth 23 currmove b7b5 currmovenumber 9
<< info depth 23 currmove h6h5 currmovenumber 10
<< info depth 23 currmove a7a6 currmovenumber 11
<< info depth 23 currmove d8e7 currmovenumber 12
<< info depth 23 currmove f8c5 currmovenumber 13
<< info depth 23 currmove f6d7 currmovenumber 14
<< info depth 23 currmove f6e4 currmovenumber 15
<< info depth 23 currmove b8a6 currmovenumber 16
<< info depth 23 currmove f8b4 currmovenumber 17
<< info depth 23 currmove f5d3 currmovenumber 18
<< info depth 23 currmove f5e4 currmovenumber 19
<< info depth 23 currmove g7g6 currmovenumber 20
<< info depth 23 currmove b7b6 currmovenumber 21
<< info depth 23 currmove e6e5 currmovenumber 22
<< info depth 23 currmove g7g5 currmovenumber 23
<< info depth 23 currmove f6g4 currmovenumber 24
<< info depth 23 currmove f6h5 currmovenumber 25
<< info depth 23 currmove f6h7 currmovenumber 26
<< info depth 23 currmove f6g8 currmovenumber 27
<< info depth 23 currmove f5h3 currmovenumber 28
<< info depth 23 currmove f5g4 currmovenumber 29
<< info depth 23 currmove f5g6 currmovenumber 30
<< info depth 23 currmove f8a3 currmovenumber 31
<< info depth 23 currmove h8h7 currmovenumber 32
<< info depth 23 currmove h8g8 currmovenumber 33
<< info depth 23 currmove d8d6 currmovenumber 34
<< info depth 23 currmove d8d7 currmovenumber 35
<< info depth 23 currmove d8c8 currmovenumber 36
<< info depth 23 currmove e8d7 currmovenumber 37
<< info depth 23 currmove e8e7 currmovenumber 38
<< info depth 23 currmove f5c2 currmovenumber 39
<< info depth 26 seldepth 39 multipv 1 score cp 11 nodes 2960330 nps 655520 hashfull 313 tbhits 0 time 4516 pv c7c6 c2c4 b8d7 a2a3 a7a5 b2b3 f8e7 c1b2 e8g8 c4c5 b7b6 b3b4 d8b8 b2c3 b8b7 d1c1 f8b8 h2h3 e7d8 d2b3 a5b4 a3b4
<< info depth 27 currmove c7c6 currmovenumber 1
<< info depth 26 currmove a7a5 currmovenumber 2
<< info depth 26 currmove f8d6 currmovenumber 3
<< info depth 26 currmove f5h7 currmovenumber 4
<< info depth 26 currmove b8d7 currmovenumber 5
<< info depth 26 currmove f5g6 currmovenumber 6
<< info depth 26 currmove f8e7 currmovenumber 7
<< info depth 26 currmove f5e4 currmovenumber 8
<< info depth 26 currmove f8b4 currmovenumber 9
<< info depth 26 currmove f8a3 currmovenumber 10
<< info depth 26 currmove a7a6 currmovenumber 11
<< info depth 26 currmove c7c5 currmovenumber 12
<< info depth 26 currmove d8e7 currmovenumber 13
<< info depth 26 currmove f6e4 currmovenumber 14
<< info depth 26 currmove b8c6 currmovenumber 15
<< info depth 26 currmove g7g6 currmovenumber 16
<< info depth 26 currmove b7b6 currmovenumber 17
<< info depth 26 currmove b7b5 currmovenumber 18
<< info depth 26 currmove h6h5 currmovenumber 19
<< info depth 26 currmove g7g5 currmovenumber 20
<< info depth 26 currmove e8e7 currmovenumber 21
<< info depth 26 currmove d8c8 currmovenumber 22
<< info depth 26 currmove f6g4 currmovenumber 23
<< info depth 26 currmove e6e5 currmovenumber 24
<< info depth 26 currmove f6h5 currmovenumber 25
<< info depth 26 currmove f6d7 currmovenumber 26
<< info depth 26 currmove f6h7 currmovenumber 27
<< info depth 26 currmove f6g8 currmovenumber 28
<< info depth 26 currmove b8a6 currmovenumber 29
<< info depth 26 currmove f5d3 currmovenumber 30
<< info depth 26 currmove f5h3 currmovenumber 31
<< info depth 26 currmove f5g4 currmovenumber 32
<< info depth 26 currmove f8c5 currmovenumber 33
<< info depth 26 currmove h8h7 currmovenumber 34
<< info depth 26 currmove h8g8 currmovenumber 35
<< info depth 26 currmove d8d6 currmovenumber 36
<< info depth 26 currmove d8d7 currmovenumber 37
<< info depth 26 currmove e8d7 currmovenumber 38
<< info depth 26 currmove f5c2 currmovenumber 39
<< info depth 27 seldepth 38 multipv 1 score cp 9 nodes 3171598 nps 655559 hashfull 333 tbhits 0 time 4838 pv c7c6 c2c4 b8d7 a2a3 a7a5 b2b3 f8e7 c1b2 e8g8 c4c5 b7b6 b3b4 d8b8 b2c3 b8b7 d1c1 f8c8 f1d1 c8b8 f3e1 a5b4 a3b4
<< info depth 28 currmove c7c6 currmovenumber 1
<< info depth 28 currmove a7a5 currmovenumber 2
<< info depth 28 currmove b8d7 currmovenumber 3
<< info depth 28 currmove f8e7 currmovenumber 4
<< info depth 28 currmove f8b4 currmovenumber 5
<< info depth 28 currmove b8c6 currmovenumber 6
<< info depth 28 currmove c7c5 currmovenumber 7
<< info depth 28 currmove f5h7 currmovenumber 8
<< info depth 28 currmove d8c8 currmovenumber 9
<< info depth 28 currmove b7b5 currmovenumber 10
<< info depth 28 currmove f8a3 currmovenumber 11
<< info depth 28 currmove f8d6 currmovenumber 12
<< info depth 28 currmove e6e5 currmovenumber 13
<< info depth 28 currmove d8e7 currmovenumber 14
<< info depth 28 currmove h6h5 currmovenumber 15
<< info depth 28 currmove a7a6 currmovenumber 16
<< info depth 28 currmove b7b6 currmovenumber 17
<< info depth 28 currmove f6d7 currmovenumber 18
<< info depth 28 currmove g7g6 currmovenumber 19
<< info depth 28 currmove g7g5 currmovenumber 20
<< info depth 28 currmove f6e4 currmovenumber 21
<< info depth 28 currmove f6g4 currmovenumber 22
<< info depth 28 currmove f6h5 currmovenumber 23
<< info depth 28 currmove f6h7 currmovenumber 24
<< info depth 28 currmove f6g8 currmovenumber 25
<< info depth 28 currmove b8a6 currmovenumber 26
<< info depth 28 currmove f5d3 currmovenumber 27
<< info depth 28 currmove f5h3 currmovenumber 28
<< info depth 28 currmove f5e4 currmovenumber 29
<< info depth 28 currmove f5g4 currmovenumber 30
<< info depth 28 currmove f5g6 currmovenumber 31
<< info depth 28 currmove f8c5 currmovenumber 32
<< info depth 28 currmove h8h7 currmovenumber 33
<< info depth 28 currmove h8g8 currmovenumber 34
<< info depth 28 currmove d8d6 currmovenumber 35
<< info depth 28 currmove d8d7 currmovenumber 36
<< info depth 28 currmove e8d7 currmovenumber 37
<< info depth 28 currmove e8e7 currmovenumber 38
<< info depth 28 currmove f5c2 currmovenumber 39
<< info depth 28 seldepth 31 multipv 1 score cp 6 upperbound nodes 3507279 nps 656425 hashfull 366 tbhits 0 time 5343 pv c7c6 c2c4
<< info depth 28 currmove c7c6 currmovenumber 1
<< info depth 28 currmove a7a5 currmovenumber 2
<< info depth 28 currmove b8d7 currmovenumber 3
<< info depth 28 currmove f8e7 currmovenumber 4
<< info depth 28 currmove f5h7 currmovenumber 5
<< info depth 28 currmove f8d6 currmovenumber 6
<< info depth 28 currmove b7b5 currmovenumber 7
<< info depth 28 currmove f8b4 currmovenumber 8
<< info depth 28 currmove f8a3 currmovenumber 9
<< info depth 28 currmove b8c6 currmovenumber 10
<< info depth 28 currmove d8c8 currmovenumber 11
<< info depth 28 currmove c7c5 currmovenumber 12
<< info depth 28 currmove e6e5 currmovenumber 13
<< info depth 28 currmove h6h5 currmovenumber 14
<< info depth 28 currmove a7a6 currmovenumber 15
<< info depth 28 currmove b7b6 currmovenumber 16
<< info depth 28 currmove g7g6 currmovenumber 17
<< info depth 28 currmove g7g5 currmovenumber 18
<< info depth 28 currmove f6e4 currmovenumber 19
<< info depth 28 currmove f6g4 currmovenumber 20
<< info depth 28 currmove f6h5 currmovenumber 21
<< info depth 28 currmove f6d7 currmovenumber 22
<< info depth 28 currmove f6h7 currmovenumber 23
<< info depth 28 currmove f6g8 currmovenumber 24
<< info depth 28 currmove b8a6 currmovenumber 25
<< info depth 28 currmove f5d3 currmovenumber 26
<< info depth 28 currmove f5h3 currmovenumber 27
<< info depth 28 currmove f5e4 currmovenumber 28
<< info depth 28 currmove f5g4 currmovenumber 29
<< info depth 28 currmove f5g6 currmovenumber 30
<< info depth 28 currmove f8c5 currmovenumber 31
<< info depth 28 currmove h8h7 currmovenumber 32
<< info depth 28 currmove h8g8 currmovenumber 33
<< info depth 28 currmove d8d6 currmovenumber 34
<< info depth 28 currmove d8d7 currmovenumber 35
<< info depth 28 currmove d8e7 currmovenumber 36
<< info depth 28 currmove e8d7 currmovenumber 37
<< info depth 28 currmove e8e7 currmovenumber 38
<< info depth 28 currmove f5c2 currmovenumber 39
<< info depth 28 seldepth 33 multipv 1 score cp 3 upperbound nodes 4440943 nps 651451 hashfull 446 tbhits 0 time 6817 pv c7c6 c2c4
<< info depth 28 currmove c7c6 currmovenumber 1
<< info depth 28 seldepth 34 multipv 1 score cp 6 lowerbound nodes 4859475 nps 649055 hashfull 491 tbhits 0 time 7487 pv c7c6
<< info depth 27 currmove c7c6 currmovenumber 1
<< info depth 26 currmove a7a5 currmovenumber 2
<< info depth 26 currmove b8d7 currmovenumber 3
<< info depth 26 currmove f8d6 currmovenumber 4
<< info depth 26 currmove f5h7 currmovenumber 5
<< info depth 26 currmove b8c6 currmovenumber 6
<< info depth 26 currmove f8a3 currmovenumber 7
<< info depth 26 currmove f8b4 currmovenumber 8
<< info depth 26 currmove f5e4 currmovenumber 9
<< info depth 26 currmove f8e7 currmovenumber 10
<< info depth 26 currmove h6h5 currmovenumber 11
<< info depth 26 currmove c7c5 currmovenumber 12
<< info depth 26 currmove a7a6 currmovenumber 13
<< info depth 26 currmove d8c8 currmovenumber 14
<< info depth 26 currmove g7g5 currmovenumber 15
<< info depth 26 currmove f6e4 currmovenumber 16
<< info depth 26 currmove f5d3 currmovenumber 17
<< info depth 26 currmove h8g8 currmovenumber 18
<< info depth 26 currmove d8d7 currmovenumber 19
<< info depth 26 currmove e6e5 currmovenumber 20
<< info depth 26 currmove b7b6 currmovenumber 21
<< info depth 26 currmove g7g6 currmovenumber 22
<< info depth 26 currmove b7b5 currmovenumber 23
<< info depth 26 currmove f6g4 currmovenumber 24
<< info depth 26 currmove f6h5 currmovenumber 25
<< info depth 26 currmove f6d7 currmovenumber 26
<< info depth 26 currmove f6h7 currmovenumber 27
<< info depth 26 currmove f6g8 currmovenumber 28
<< info depth 26 currmove b8a6 currmovenumber 29
<< info depth 26 currmove f5h3 currmovenumber 30
<< info depth 26 currmove f5g4 currmovenumber 31
<< info depth 26 currmove f5g6 currmovenumber 32
<< info depth 26 currmove f8c5 currmovenumber 33
<< info depth 26 currmove h8h7 currmovenumber 34
<< info depth 26 currmove d8d6 currmovenumber 35
<< info depth 26 currmove d8e7 currmovenumber 36
<< info depth 26 currmove e8d7 currmovenumber 37
<< info depth 26 currmove e8e7 currmovenumber 38
<< info depth 26 currmove f5c2 currmovenumber 39
<< info depth 28 seldepth 34 multipv 1 score cp 4 nodes 4944306 nps 650053 hashfull 496 tbhits 0 time 7606 pv c7c6 c2c4 b8d7 a2a3 a7a5 b2b3 f8e7 c1b2 e8g8 h2h3 e7d6 c4c5 d6b8 b3b4 d8e7 b4b5 a5a4 a1c1 f6e4 b5b6 e4d2 d1d2 f5e4 f3e1 e7g5 e1f3 g5g6 f3e1
<< info depth 29 currmove c7c6 currmovenumber 1
<< info depth 29 seldepth 37 multipv 1 score cp 7 lowerbound nodes 6328087 nps 650368 hashfull 598 tbhits 0 time 9730 pv c7c6
<< info depth 28 currmove c7c6 currmovenumber 1
<< info depth 27 currmove a7a5 currmovenumber 2
<< info depth 27 currmove b8d7 currmovenumber 3
<< info depth 27 currmove f8d6 currmovenumber 4
<< info depth 27 currmove f5h7 currmovenumber 5
<< info depth 27 currmove f8e7 currmovenumber 6
<< info depth 27 currmove f6e4 currmovenumber 7
<< info depth 27 currmove g7g5 currmovenumber 8
<< info depth 27 currmove a7a6 currmovenumber 9
<< info depth 27 currmove d8e7 currmovenumber 10
<< info depth 27 currmove b8c6 currmovenumber 11
<< info depth 27 currmove h6h5 currmovenumber 12
<< info depth 27 currmove f5d3 currmovenumber 13
<< info depth 27 currmove f5e4 currmovenumber 14
<< info depth 27 currmove d8c8 currmovenumber 15
<< info depth 27 currmove h8g8 currmovenumber 16
<< info depth 27 currmove f6g4 currmovenumber 17
<< info depth 27 currmove b8a6 currmovenumber 18
<< info depth 27 currmove e8d7 currmovenumber 19
<< info depth 27 currmove b7b5 currmovenumber 20
<< info depth 27 currmove f8b4 currmovenumber 21
<< info depth 27 currmove f6d7 currmovenumber 22
<< info depth 27 currmove f8a3 currmovenumber 23
<< info depth 27 currmove g7g6 currmovenumber 24
<< info depth 27 currmove c7c5 currmovenumber 25
<< info depth 27 currmove e6e5 currmovenumber 26
<< info depth 27 currmove b7b6 currmovenumber 27
<< info depth 27 currmove f6h5 currmovenumber 28
<< info depth 27 currmove f6h7 currmovenumber 29
<< info depth 27 currmove f6g8 currmovenumber 30
<< info depth 27 currmove f5h3 currmovenumber 31
<< info depth 27 currmove f5g4 currmovenumber 32
<< info depth 27 currmove f5g6 currmovenumber 33
<< info depth 27 currmove f8c5 currmovenumber 34
<< info depth 27 currmove h8h7 currmovenumber 35
<< info depth 27 currmove d8d6 currmovenumber 36
<< info depth 27 currmove d8d7 currmovenumber 37
<< info depth 27 currmove e8e7 currmovenumber 38
<< info depth 27 currmove f5c2 currmovenumber 39
<< info depth 29 seldepth 37 multipv 1 score cp 8 nodes 6479836 nps 650978 hashfull 606 tbhits 0 time 9954 pv c7c6 c2c4 b8d7 a2a3 f8e7 b2b3 d8c7 c1b2 e8g8 h2h3 a7a5 b2c3 f8c8 c4c5 b7b6 b3b4 c7b7 c5b6 a5b4 c3b4 e7d8 d1b3 b7b6 f1c1 c6c5 d4c5 d7c5 b4c5 c8c5 b3b6 c5c1 a1c1
<< bestmove c7c6 ponder c2c4
>> position startpos moves d2d4 d7d5 e2e3 g8f6 b1d2 c8f5 g1f3 e7e6 f1e2 h7h6 e1g1 c7c6 c2c4
>> go wtime 173380 btime 138067 winc 2000 binc 2000 ponder
<< info string NNUE evaluation using nn-5af11540bbfe.nnue enabled
<< info depth 1 seldepth 1 multipv 1 score cp 8 nodes 73 nps 73000 hashfull 0 tbhits 0 time 1 pv b8d7
<< info depth 2 seldepth 2 multipv 1 score cp 8 nodes 120 nps 120000 hashfull 0 tbhits 0 time 1 pv b8d7 a2a3
<< info depth 3 seldepth 3 multipv 1 score cp 8 nodes 172 nps 172000 hashfull 0 tbhits 0 time 1 pv b8d7 a2a3 f8e7
<< info depth 4 seldepth 4 multipv 1 score cp 8 nodes 227 nps 227000 hashfull 0 tbhits 0 time 1 pv b8d7 a2a3 f8e7 b2b3
<< info depth 5 seldepth 5 multipv 1 score cp 8 nodes 289 nps 289000 hashfull 0 tbhits 0 time 1 pv b8d7 a2a3 f8e7 b2b3 d8c7
<< info depth 6 seldepth 6 multipv 1 score cp 8 nodes 354 nps 354000 hashfull 0 tbhits 0 time 1 pv b8d7 a2a3 f8e7 b2b3 d8c7 c1b2
<< info depth 7 seldepth 6 multipv 1 score cp 8 nodes 431 nps 431000 hashfull 0 tbhits 0 time 1 pv b8d7 a2a3 f8e7 b2b3 d8c7 c1b2
<< info depth 8 seldepth 9 multipv 1 score cp 8 nodes 547 nps 547000 hashfull 0 tbhits 0 time 1 pv b8d7 a2a3 f8e7 b2b3 d8c7 c1b2 e8g8 h2h3 a7a5
<< info depth 9 seldepth 11 multipv 1 score cp 8 nodes 707 nps 707000 hashfull 0 tbhits 0 time 1 pv b8d7 a2a3 f8e7 b2b3 d8c7 c1b2 e8g8 h2h3 a7a5 b2c3 f8c8
<< info depth 10 seldepth 14 multipv 1 score cp 8 nodes 1003 nps 1003000 hashfull 0 tbhits 0 time 1 pv b8d7 a2a3 f8e7 b2b3 d8c7 c1b2 e8g8 h2h3 a7a5 b2c3 f8c8 c4c5 b7b6 b3b4
<< info depth 11 seldepth 12 multipv 1 score cp 8 nodes 1303 nps 651500 hashfull 0 tbhits 0 time 2 pv b8d7 a2a3 f8e7 b2b3 d8c7 c1b2 e8g8 h2h3 a7a5 b2c3 f8c8 c4c5
<< info depth 12 seldepth 14 multipv 1 score cp 8 nodes 1603 nps 801500 hashfull 0 tbhits 0 time 2 pv b8d7 a2a3 f8e7 b2b3 d8c7 c1b2 e8g8 h2h3 a7a5 b2c3 f8c8 c4c5 b7b6 b3b4
<< info depth 13 seldepth 16 multipv 1 score cp 8 nodes 1935 nps 967500 hashfull 0 tbhits 0 time 2 pv b8d7 a2a3 f8e7 b2b3 d8c7 c1b2 e8g8 h2h3 a7a5 b2c3 f8c8 c4c5 b7b6 b3b4 c7b7 c5b6
<< info depth 14 seldepth 18 multipv 1 score cp 8 nodes 2462 nps 1231000 hashfull 0 tbhits 0 time 2 pv b8d7 a2a3 f8e7 b2b3 d8c7 c1b2 e8g8 h2h3 a7a5 b2c3 f8c8 c4c5 b7b6 b3b4 c7b7 c5b6 a5b4 c3b4
<< info depth 15 seldepth 20 multipv 1 score cp 8 nodes 2972 nps 1486000 hashfull 0 tbhits 0 time 2 pv b8d7 a2a3 f8e7 b2b3 d8c7 c1b2 e8g8 h2h3 a7a5 b2c3 f8c8 c4c5 b7b6 b3b4 c7b7 c5b6 a5b4 c3b4 e7d8 d1b3
<< info depth 16 seldepth 22 multipv 1 score cp 8 nodes 3747 nps 1873500 hashfull 0 tbhits 0 time 2 pv b8d7 a2a3 f8e7 b2b3 d8c7 c1b2 e8g8 h2h3 a7a5 b2c3 f8c8 c4c5 b7b6 b3b4 c7b7 c5b6 a5b4 c3b4 e7d8 d1b3 b7b6 f1c1
<< info depth 17 seldepth 24 multipv 1 score cp 8 nodes 4806 nps 1602000 hashfull 0 tbhits 0 time 3 pv b8d7 a2a3 f8e7 b2b3 d8c7 c1b2 e8g8 h2h3 a7a5 b2c3 f8c8 c4c5 b7b6 b3b4 c7b7 c5b6 a5b4 c3b4 e7d8 d1b3 b7b6 f1c1 c6c5 d4c5
<< info depth 18 seldepth 26 multipv 1 score cp 8 nodes 6235 nps 1558750 hashfull 0 tbhits 0 time 4 pv b8d7 a2a3 f8e7 b2b3 d8c7 c1b2 e8g8 h2h3 a7a5 b2c3 f8c8 c4c5 b7b6 b3b4 c7b7 c5b6 a5b4 c3b4 e7d8 d1b3 b7b6 f1c1 c6c5 d4c5 d7c5 b4c5
<< info depth 19 seldepth 28 multipv 1 score cp 8 nodes 9247 nps 1541166 hashfull 0 tbhits 0 time 6 pv b8d7 a2a3 f8e7 b2b3 d8c7 c1b2 e8g8 h2h3 a7a5 b2c3 f8c8 c4c5 b7b6 b3b4 c7b7 c5b6 a5b4 c3b4 e7d8 d1b3 b7b6 b3a2
<< info depth 20 seldepth 28 multipv 1 score cp 8 nodes 16601 nps 1277000 hashfull 1 tbhits 0 time 13 pv b8d7 a2a3 f8e7 b2b3 d8c7 c1b2 e8g8 b3b4 a7a5 c4c5 b7b6 b2c3 c7b7 d1c1 f5h7 f1d1 a5b4 a3b4 a8a1
<< info depth 21 seldepth 23 multipv 1 score cp 7 nodes 23578 nps 1178900 hashfull 2 tbhits 0 time 20 pv b8d7 a2a3 f8e7 b2b3 d8c7 c1b2 e8g8 b3b4 a7a5 c4c5 b7b6 b2c3 c7b7 d1c1 f8b8 f1d1 f5h7 f3e1 a5b4 a3b4 f6e4 d2e4 h7e4
<< info depth 22 seldepth 27 multipv 1 score cp 10 nodes 61094 nps 954593 hashfull 9 tbhits 0 time 64 pv b8d7 a2a3 f8e7 b2b3 d8c7 c1b2 e8g8 d1c1 d5c4 b3c4 c6c5 a3a4 c5d4 e3d4 a8c8 a4a5 d7b8 b2a3 f5h7 a3e7
<< info depth 23 seldepth 24 multipv 1 score cp 7 nodes 142697 nps 859620 hashfull 15 tbhits 0 time 166 pv b8d7 a2a3 f8e7 b2b3 d8c7 c1b2 e8g8 b3b4 a7a5 c4c5 b7b6 b2c3 c7b7 d1c1 f8b8 f1d1 f5h7 f3e1 a5b4 a3b4 a8a1 c1a1
<< info depth 24 seldepth 40 multipv 1 score cp 7 nodes 379374 nps 735220 hashfull 42 tbhits 0 time 516 pv b8d7 a2a3 f8e7 b2b3 d8c7 c1b2 e8g8 b3b4 a7a5 c4c5 b7b6 b2c3 c7b7 h2h3 f8b8 d1c1 f6e4 d2e4 f5e4 f3d2 e4h7 d2f3 h7f5 f3d2 a5b4 a3b4
<< info depth 25 seldepth 33 multipv 1 score cp 8 nodes 404824 nps 738729 hashfull 44 tbhits 0 time 548 pv b8d7 a2a3 f8e7 b2b3 d8c7 c1b2 e8g8 b3b4 a7a5 c4c5 b7b6 b2c3 c7b7 h2h3 f8b8 d1c1 f6e4 d2e4 f5e4 f3d2 e4h7 d2f3 h7f5 c1d2 e7d8 f1c1 b6c5
<< info depth 26 seldepth 37 multipv 1 score cp 10 nodes 487051 nps 731307 hashfull 54 tbhits 0 time 666 pv b8d7 a2a3 f8e7 b2b3 d8c7 c1b2 e8g8 b3b4 a7a5 c4c5 b7b6 b2c3 c7b7 h2h3 f8b8 d1c1 f6e4 d2e4 f5e4 c1d2 a5b4 a3b4 e7f6 f1c1 b6c5 b4c5 e4f5 e2d3 f5d3
<< info depth 27 seldepth 37 multipv 1 score cp 8 nodes 929906 nps 686277 hashfull 97 tbhits 0 time 1355 pv b8d7 a2a3 f8e7 b2b3 d8c7 c1b2 e8g8 h2h3 a7a5 d1c1 f8c8 c4c5 b7b6 b3b4 c7b7 b2c3 c8b8 f1d1 f6e4 d2e4 f5e4 f3e1 a5b4 a3b4 a8a1 c1a1 b6c5 e2a6 b7a8 b4c5 b8b3
>> stop
<< info depth 28 seldepth 36 multipv 1 score cp 5 upperbound nodes 1373658 nps 671387 hashfull 142 tbhits 0 time 2046 pv b8d7 a2a3
<< bestmove b8d7 ponder a2a3
